Archive member included because of file (symbol)

/opt/devkitpro/devkitARM/lib/gcc/arm-eabi/4.3.3/thumb/libgcc.a(_divsi3.o)
                              blix.o (__aeabi_idiv)
/opt/devkitpro/devkitARM/lib/gcc/arm-eabi/4.3.3/thumb/libgcc.a(_dvmd_tls.o)
                              /opt/devkitpro/devkitARM/lib/gcc/arm-eabi/4.3.3/thumb/libgcc.a(_divsi3.o) (__div0)
/opt/devkitpro/devkitARM/lib/gcc/arm-eabi/4.3.3/../../../../arm-eabi/lib/thumb/libg.a(lib_a-init.o)
                              /opt/devkitpro/devkitARM/lib/gcc/arm-eabi/4.3.3/../../../../arm-eabi/lib/thumb/gba_crt0.o (__libc_init_array)
/opt/devkitpro/devkitARM/lib/gcc/arm-eabi/4.3.3/../../../../arm-eabi/lib/thumb/libg.a(lib_a-memcpy.o)
                              blix.o (memcpy)
/opt/devkitpro/devkitARM/lib/gcc/arm-eabi/4.3.3/../../../../arm-eabi/lib/thumb/libg.a(lib_a-rand.o)
                              blix.o (srand)
/opt/devkitpro/devkitARM/lib/gcc/arm-eabi/4.3.3/../../../../arm-eabi/lib/thumb/libg.a(lib_a-time.o)
                              blix.o (time)
/opt/devkitpro/devkitARM/lib/gcc/arm-eabi/4.3.3/../../../../arm-eabi/lib/thumb/libg.a(lib_a-impure.o)
                              /opt/devkitpro/devkitARM/lib/gcc/arm-eabi/4.3.3/../../../../arm-eabi/lib/thumb/libg.a(lib_a-rand.o) (_impure_ptr)
/opt/devkitpro/devkitARM/lib/gcc/arm-eabi/4.3.3/../../../../arm-eabi/lib/thumb/libsysbase.a(times.o)
                              /opt/devkitpro/devkitARM/lib/gcc/arm-eabi/4.3.3/../../../../arm-eabi/lib/thumb/libg.a(lib_a-time.o) (_gettimeofday_r)
/opt/devkitpro/devkitARM/lib/gcc/arm-eabi/4.3.3/../../../../arm-eabi/lib/thumb/libsysbase.a(malloc_vars.o)
                              /opt/devkitpro/devkitARM/lib/gcc/arm-eabi/4.3.3/../../../../arm-eabi/lib/thumb/gba_crt0.o (fake_heap_end)
/opt/devkitpro/devkitARM/lib/gcc/arm-eabi/4.3.3/thumb/libgcc.a(_muldi3.o)
                              /opt/devkitpro/devkitARM/lib/gcc/arm-eabi/4.3.3/../../../../arm-eabi/lib/thumb/libg.a(lib_a-rand.o) (__aeabi_lmul)
/opt/devkitpro/devkitARM/lib/gcc/arm-eabi/4.3.3/../../../../arm-eabi/lib/thumb/libg.a(lib_a-errno.o)
                              /opt/devkitpro/devkitARM/lib/gcc/arm-eabi/4.3.3/../../../../arm-eabi/lib/thumb/libsysbase.a(times.o) (__errno)

Allocating common symbols
Common symbol       size              file

punixTime           0x4               /opt/devkitpro/devkitARM/lib/gcc/arm-eabi/4.3.3/../../../../arm-eabi/lib/thumb/libsysbase.a(times.o)

Memory Configuration

Name             Origin             Length             Attributes
rom              0x08000000         0x02000000
iwram            0x03000000         0x00008000
ewram            0x02000000         0x00040000
*default*        0x00000000         0xffffffff

Linker script and memory map

                0x02000000                __text_start = 0x2000000
                0x02040000                __eheap_end = 0x2040000
                0x03000000                __iwram_start = 0x3000000
                0x03008000                __iwram_top = 0x3008000
                0x03007fa0                __sp_irq = (__iwram_top - 0x60)
                0x03007f00                __sp_usr = (__sp_irq - 0xa0)
                0x03007ff8                __irq_flags = 0x3007ff8
                0x02000000                . = __text_start

.init           0x02000000      0x21c
 *(.init)
 .init          0x02000000      0x210 /opt/devkitpro/devkitARM/lib/gcc/arm-eabi/4.3.3/../../../../arm-eabi/lib/thumb/gba_crt0.o
                0x020000c4                __boot_method
                0x020000c5                __slave_number
                0x02000000                _start
                0x020000e0                start_vector
 .init          0x02000210        0x4 /opt/devkitpro/devkitARM/lib/gcc/arm-eabi/4.3.3/thumb/crti.o
                0x02000210                _init
 .init          0x02000214        0x8 /opt/devkitpro/devkitARM/lib/gcc/arm-eabi/4.3.3/thumb/crtn.o
                0x0200021c                . = ALIGN (0x4)

.plt            0x0200021c        0x0
 *(.plt)
                0x0200021c                . = ALIGN (0x4)

.text           0x0200021c     0x2688
 *(EXCLUDE_FILE(*.iwram*) .text)
 .text          0x0200021c        0x0 /opt/devkitpro/devkitARM/lib/gcc/arm-eabi/4.3.3/../../../../arm-eabi/lib/thumb/gba_crt0.o
 .text          0x0200021c        0x0 /opt/devkitpro/devkitARM/lib/gcc/arm-eabi/4.3.3/thumb/crti.o
 .text          0x0200021c       0x70 /opt/devkitpro/devkitARM/lib/gcc/arm-eabi/4.3.3/thumb/crtbegin.o
 .text          0x0200028c     0x230c blix.o
                0x02000540                _Z6rotatev
                0x02001b64                _Z13displayNumberv
                0x0200028c                _Z17InitializeSpritesv
                0x020007e8                _Z10checkstackv
                0x020002d8                _Z10MoveSpriteP11tagOAMEntryii
                0x02001ac8                _Z13initialrotatev
                0x02001efc                main
                0x02001c20                _Z12randombricksv
                0x02001ca4                _Z8gameoverv
                0x020002f8                _Z9Moveblockv
                0x020002ac                _Z7CopyOAMv
 .text          0x02002598       0xa4 /opt/devkitpro/devkitARM/lib/gcc/arm-eabi/4.3.3/thumb/libgcc.a(_divsi3.o)
                0x02002598                __aeabi_idiv
                0x02002598                __divsi3
                0x0200262c                __aeabi_idivmod
 .text          0x0200263c        0x4 /opt/devkitpro/devkitARM/lib/gcc/arm-eabi/4.3.3/thumb/libgcc.a(_dvmd_tls.o)
                0x0200263c                __aeabi_ldiv0
                0x0200263c                __div0
                0x0200263c                __aeabi_idiv0
 .text          0x02002640       0x88 /opt/devkitpro/devkitARM/lib/gcc/arm-eabi/4.3.3/../../../../arm-eabi/lib/thumb/libg.a(lib_a-init.o)
                0x02002670                __libc_init_array
                0x02002640                __libc_fini_array
 .text          0x020026c8       0x88 /opt/devkitpro/devkitARM/lib/gcc/arm-eabi/4.3.3/../../../../arm-eabi/lib/thumb/libg.a(lib_a-memcpy.o)
                0x020026c8                memcpy
 .text          0x02002750       0x58 /opt/devkitpro/devkitARM/lib/gcc/arm-eabi/4.3.3/../../../../arm-eabi/lib/thumb/libg.a(lib_a-rand.o)
                0x02002764                rand
                0x02002750                srand
 .text          0x020027a8       0x34 /opt/devkitpro/devkitARM/lib/gcc/arm-eabi/4.3.3/../../../../arm-eabi/lib/thumb/libg.a(lib_a-time.o)
                0x020027a8                time
 .text          0x020027dc        0x0 /opt/devkitpro/devkitARM/lib/gcc/arm-eabi/4.3.3/../../../../arm-eabi/lib/thumb/libg.a(lib_a-impure.o)
 .text          0x020027dc       0x4c /opt/devkitpro/devkitARM/lib/gcc/arm-eabi/4.3.3/../../../../arm-eabi/lib/thumb/libsysbase.a(times.o)
                0x020027e4                _gettimeofday_r
                0x020027dc                _times_r
                0x02002810                _times
 .text          0x02002828        0x0 /opt/devkitpro/devkitARM/lib/gcc/arm-eabi/4.3.3/../../../../arm-eabi/lib/thumb/libsysbase.a(malloc_vars.o)
 .text          0x02002828       0x70 /opt/devkitpro/devkitARM/lib/gcc/arm-eabi/4.3.3/thumb/libgcc.a(_muldi3.o)
                0x02002828                __aeabi_lmul
                0x02002828                __muldi3
 .text          0x02002898        0xc /opt/devkitpro/devkitARM/lib/gcc/arm-eabi/4.3.3/../../../../arm-eabi/lib/thumb/libg.a(lib_a-errno.o)
                0x02002898                __errno
 .text          0x020028a4        0x0 /opt/devkitpro/devkitARM/lib/gcc/arm-eabi/4.3.3/thumb/crtend.o
 .text          0x020028a4        0x0 /opt/devkitpro/devkitARM/lib/gcc/arm-eabi/4.3.3/thumb/crtn.o
 *(.text .stub .text.* .gnu.linkonce.t.*)
 *(.text.*personality*)
 *(.gnu.warning)
 *(.glue_7t)
 .glue_7t       0x020028a4        0x0 /opt/devkitpro/devkitARM/lib/gcc/arm-eabi/4.3.3/../../../../arm-eabi/lib/thumb/gba_crt0.o
 .glue_7t       0x020028a4        0x0 /opt/devkitpro/devkitARM/lib/gcc/arm-eabi/4.3.3/thumb/crti.o
 .glue_7t       0x020028a4        0x0 /opt/devkitpro/devkitARM/lib/gcc/arm-eabi/4.3.3/thumb/crtbegin.o
 .glue_7t       0x020028a4        0x0 blix.o
 .glue_7t       0x020028a4        0x0 /opt/devkitpro/devkitARM/lib/gcc/arm-eabi/4.3.3/thumb/libgcc.a(_divsi3.o)
 .glue_7t       0x020028a4        0x0 /opt/devkitpro/devkitARM/lib/gcc/arm-eabi/4.3.3/thumb/libgcc.a(_dvmd_tls.o)
 .glue_7t       0x020028a4        0x0 /opt/devkitpro/devkitARM/lib/gcc/arm-eabi/4.3.3/../../../../arm-eabi/lib/thumb/libg.a(lib_a-init.o)
 .glue_7t       0x020028a4        0x0 /opt/devkitpro/devkitARM/lib/gcc/arm-eabi/4.3.3/../../../../arm-eabi/lib/thumb/libg.a(lib_a-memcpy.o)
 .glue_7t       0x020028a4        0x0 /opt/devkitpro/devkitARM/lib/gcc/arm-eabi/4.3.3/../../../../arm-eabi/lib/thumb/libg.a(lib_a-rand.o)
 .glue_7t       0x020028a4        0x0 /opt/devkitpro/devkitARM/lib/gcc/arm-eabi/4.3.3/../../../../arm-eabi/lib/thumb/libg.a(lib_a-time.o)
 .glue_7t       0x020028a4        0x0 /opt/devkitpro/devkitARM/lib/gcc/arm-eabi/4.3.3/../../../../arm-eabi/lib/thumb/libg.a(lib_a-impure.o)
 .glue_7t       0x020028a4        0x0 /opt/devkitpro/devkitARM/lib/gcc/arm-eabi/4.3.3/../../../../arm-eabi/lib/thumb/libsysbase.a(times.o)
 .glue_7t       0x020028a4        0x0 /opt/devkitpro/devkitARM/lib/gcc/arm-eabi/4.3.3/../../../../arm-eabi/lib/thumb/libsysbase.a(malloc_vars.o)
 .glue_7t       0x020028a4        0x0 /opt/devkitpro/devkitARM/lib/gcc/arm-eabi/4.3.3/thumb/libgcc.a(_muldi3.o)
 .glue_7t       0x020028a4        0x0 /opt/devkitpro/devkitARM/lib/gcc/arm-eabi/4.3.3/../../../../arm-eabi/lib/thumb/libg.a(lib_a-errno.o)
 .glue_7t       0x020028a4        0x0 /opt/devkitpro/devkitARM/lib/gcc/arm-eabi/4.3.3/thumb/crtend.o
 .glue_7t       0x020028a4        0x0 /opt/devkitpro/devkitARM/lib/gcc/arm-eabi/4.3.3/thumb/crtn.o
 *(.glue_7)
 .glue_7        0x020028a4        0x0 /opt/devkitpro/devkitARM/lib/gcc/arm-eabi/4.3.3/../../../../arm-eabi/lib/thumb/gba_crt0.o
 .glue_7        0x020028a4        0x0 /opt/devkitpro/devkitARM/lib/gcc/arm-eabi/4.3.3/thumb/crti.o
 .glue_7        0x020028a4        0x0 /opt/devkitpro/devkitARM/lib/gcc/arm-eabi/4.3.3/thumb/crtbegin.o
 .glue_7        0x020028a4        0x0 blix.o
 .glue_7        0x020028a4        0x0 /opt/devkitpro/devkitARM/lib/gcc/arm-eabi/4.3.3/thumb/libgcc.a(_divsi3.o)
 .glue_7        0x020028a4        0x0 /opt/devkitpro/devkitARM/lib/gcc/arm-eabi/4.3.3/thumb/libgcc.a(_dvmd_tls.o)
 .glue_7        0x020028a4        0x0 /opt/devkitpro/devkitARM/lib/gcc/arm-eabi/4.3.3/../../../../arm-eabi/lib/thumb/libg.a(lib_a-init.o)
 .glue_7        0x020028a4        0x0 /opt/devkitpro/devkitARM/lib/gcc/arm-eabi/4.3.3/../../../../arm-eabi/lib/thumb/libg.a(lib_a-memcpy.o)
 .glue_7        0x020028a4        0x0 /opt/devkitpro/devkitARM/lib/gcc/arm-eabi/4.3.3/../../../../arm-eabi/lib/thumb/libg.a(lib_a-rand.o)
 .glue_7        0x020028a4        0x0 /opt/devkitpro/devkitARM/lib/gcc/arm-eabi/4.3.3/../../../../arm-eabi/lib/thumb/libg.a(lib_a-time.o)
 .glue_7        0x020028a4        0x0 /opt/devkitpro/devkitARM/lib/gcc/arm-eabi/4.3.3/../../../../arm-eabi/lib/thumb/libg.a(lib_a-impure.o)
 .glue_7        0x020028a4        0x0 /opt/devkitpro/devkitARM/lib/gcc/arm-eabi/4.3.3/../../../../arm-eabi/lib/thumb/libsysbase.a(times.o)
 .glue_7        0x020028a4        0x0 /opt/devkitpro/devkitARM/lib/gcc/arm-eabi/4.3.3/../../../../arm-eabi/lib/thumb/libsysbase.a(malloc_vars.o)
 .glue_7        0x020028a4        0x0 /opt/devkitpro/devkitARM/lib/gcc/arm-eabi/4.3.3/thumb/libgcc.a(_muldi3.o)
 .glue_7        0x020028a4        0x0 /opt/devkitpro/devkitARM/lib/gcc/arm-eabi/4.3.3/../../../../arm-eabi/lib/thumb/libg.a(lib_a-errno.o)
 .glue_7        0x020028a4        0x0 /opt/devkitpro/devkitARM/lib/gcc/arm-eabi/4.3.3/thumb/crtend.o
 .glue_7        0x020028a4        0x0 /opt/devkitpro/devkitARM/lib/gcc/arm-eabi/4.3.3/thumb/crtn.o
 *(.vfp11_veneer)
 .vfp11_veneer  0x020028a4        0x0 /opt/devkitpro/devkitARM/lib/gcc/arm-eabi/4.3.3/../../../../arm-eabi/lib/thumb/gba_crt0.o
 .vfp11_veneer  0x020028a4        0x0 /opt/devkitpro/devkitARM/lib/gcc/arm-eabi/4.3.3/thumb/crti.o
 .vfp11_veneer  0x020028a4        0x0 /opt/devkitpro/devkitARM/lib/gcc/arm-eabi/4.3.3/thumb/crtbegin.o
 .vfp11_veneer  0x020028a4        0x0 blix.o
 .vfp11_veneer  0x020028a4        0x0 /opt/devkitpro/devkitARM/lib/gcc/arm-eabi/4.3.3/thumb/libgcc.a(_divsi3.o)
 .vfp11_veneer  0x020028a4        0x0 /opt/devkitpro/devkitARM/lib/gcc/arm-eabi/4.3.3/thumb/libgcc.a(_dvmd_tls.o)
 .vfp11_veneer  0x020028a4        0x0 /opt/devkitpro/devkitARM/lib/gcc/arm-eabi/4.3.3/../../../../arm-eabi/lib/thumb/libg.a(lib_a-init.o)
 .vfp11_veneer  0x020028a4        0x0 /opt/devkitpro/devkitARM/lib/gcc/arm-eabi/4.3.3/../../../../arm-eabi/lib/thumb/libg.a(lib_a-memcpy.o)
 .vfp11_veneer  0x020028a4        0x0 /opt/devkitpro/devkitARM/lib/gcc/arm-eabi/4.3.3/../../../../arm-eabi/lib/thumb/libg.a(lib_a-rand.o)
 .vfp11_veneer  0x020028a4        0x0 /opt/devkitpro/devkitARM/lib/gcc/arm-eabi/4.3.3/../../../../arm-eabi/lib/thumb/libg.a(lib_a-time.o)
 .vfp11_veneer  0x020028a4        0x0 /opt/devkitpro/devkitARM/lib/gcc/arm-eabi/4.3.3/../../../../arm-eabi/lib/thumb/libg.a(lib_a-impure.o)
 .vfp11_veneer  0x020028a4        0x0 /opt/devkitpro/devkitARM/lib/gcc/arm-eabi/4.3.3/../../../../arm-eabi/lib/thumb/libsysbase.a(times.o)
 .vfp11_veneer  0x020028a4        0x0 /opt/devkitpro/devkitARM/lib/gcc/arm-eabi/4.3.3/../../../../arm-eabi/lib/thumb/libsysbase.a(malloc_vars.o)
 .vfp11_veneer  0x020028a4        0x0 /opt/devkitpro/devkitARM/lib/gcc/arm-eabi/4.3.3/thumb/libgcc.a(_muldi3.o)
 .vfp11_veneer  0x020028a4        0x0 /opt/devkitpro/devkitARM/lib/gcc/arm-eabi/4.3.3/../../../../arm-eabi/lib/thumb/libg.a(lib_a-errno.o)
 .vfp11_veneer  0x020028a4        0x0 /opt/devkitpro/devkitARM/lib/gcc/arm-eabi/4.3.3/thumb/crtend.o
 .vfp11_veneer  0x020028a4        0x0 /opt/devkitpro/devkitARM/lib/gcc/arm-eabi/4.3.3/thumb/crtn.o
                0x020028a4                . = ALIGN (0x4)
                0x020028a4                __text_end = .

.v4_bx          0x020028a4        0x0
 .v4_bx         0x020028a4        0x0 /opt/devkitpro/devkitARM/lib/gcc/arm-eabi/4.3.3/../../../../arm-eabi/lib/thumb/gba_crt0.o
 .v4_bx         0x020028a4        0x0 /opt/devkitpro/devkitARM/lib/gcc/arm-eabi/4.3.3/thumb/crti.o
 .v4_bx         0x020028a4        0x0 /opt/devkitpro/devkitARM/lib/gcc/arm-eabi/4.3.3/thumb/crtbegin.o
 .v4_bx         0x020028a4        0x0 blix.o
 .v4_bx         0x020028a4        0x0 /opt/devkitpro/devkitARM/lib/gcc/arm-eabi/4.3.3/thumb/libgcc.a(_divsi3.o)
 .v4_bx         0x020028a4        0x0 /opt/devkitpro/devkitARM/lib/gcc/arm-eabi/4.3.3/thumb/libgcc.a(_dvmd_tls.o)
 .v4_bx         0x020028a4        0x0 /opt/devkitpro/devkitARM/lib/gcc/arm-eabi/4.3.3/../../../../arm-eabi/lib/thumb/libg.a(lib_a-init.o)
 .v4_bx         0x020028a4        0x0 /opt/devkitpro/devkitARM/lib/gcc/arm-eabi/4.3.3/../../../../arm-eabi/lib/thumb/libg.a(lib_a-memcpy.o)
 .v4_bx         0x020028a4        0x0 /opt/devkitpro/devkitARM/lib/gcc/arm-eabi/4.3.3/../../../../arm-eabi/lib/thumb/libg.a(lib_a-rand.o)
 .v4_bx         0x020028a4        0x0 /opt/devkitpro/devkitARM/lib/gcc/arm-eabi/4.3.3/../../../../arm-eabi/lib/thumb/libg.a(lib_a-time.o)
 .v4_bx         0x020028a4        0x0 /opt/devkitpro/devkitARM/lib/gcc/arm-eabi/4.3.3/../../../../arm-eabi/lib/thumb/libg.a(lib_a-impure.o)
 .v4_bx         0x020028a4        0x0 /opt/devkitpro/devkitARM/lib/gcc/arm-eabi/4.3.3/../../../../arm-eabi/lib/thumb/libsysbase.a(times.o)
 .v4_bx         0x020028a4        0x0 /opt/devkitpro/devkitARM/lib/gcc/arm-eabi/4.3.3/../../../../arm-eabi/lib/thumb/libsysbase.a(malloc_vars.o)
 .v4_bx         0x020028a4        0x0 /opt/devkitpro/devkitARM/lib/gcc/arm-eabi/4.3.3/thumb/libgcc.a(_muldi3.o)
 .v4_bx         0x020028a4        0x0 /opt/devkitpro/devkitARM/lib/gcc/arm-eabi/4.3.3/../../../../arm-eabi/lib/thumb/libg.a(lib_a-errno.o)
 .v4_bx         0x020028a4        0x0 /opt/devkitpro/devkitARM/lib/gcc/arm-eabi/4.3.3/thumb/crtend.o
 .v4_bx         0x020028a4        0x0 /opt/devkitpro/devkitARM/lib/gcc/arm-eabi/4.3.3/thumb/crtn.o

.fini           0x020028a4        0xc
 *(.fini)
 .fini          0x020028a4        0x4 /opt/devkitpro/devkitARM/lib/gcc/arm-eabi/4.3.3/thumb/crti.o
                0x020028a4                _fini
 .fini          0x020028a8        0x8 /opt/devkitpro/devkitARM/lib/gcc/arm-eabi/4.3.3/thumb/crtn.o
                0x020028b0                . = ALIGN (0x4)

.rodata         0x020028b0    0x15cb8
 *(.rodata)
 .rodata        0x020028b0    0x15c90 blix.o
 .rodata        0x02018540        0x4 /opt/devkitpro/devkitARM/lib/gcc/arm-eabi/4.3.3/../../../../arm-eabi/lib/thumb/libg.a(lib_a-impure.o)
                0x02018540                _global_impure_ptr
 *all.rodata*(*)
 *(.roda)
 *(.rodata.*)
 .rodata.str1.4
                0x02018544       0x1e blix.o
                                 0x20 (size before relaxing)
 *fill*         0x02018562        0x2 ff
 .rodata.str1.4
                0x02018564        0x4 /opt/devkitpro/devkitARM/lib/gcc/arm-eabi/4.3.3/../../../../arm-eabi/lib/thumb/libg.a(lib_a-impure.o)
 *(.gnu.linkonce.r*)
                0x02018568                . = ALIGN (0x4)

.ARM.extab
 *(.ARM.extab* .gnu.linkonce.armextab.*)
                0x02018568                __exidx_start = .

.ARM.exidx
 *(.ARM.exidx* .gnu.linkonce.armexidx.*)
                0x02018568                __exidx_end = .
                0x02018568                . = ALIGN (0x4)
                0x02018568                PROVIDE (__preinit_array_start, .)

.preinit_array
 *(.preinit_array)
                0x02018568                PROVIDE (__preinit_array_end, .)
                0x02018568                PROVIDE (__init_array_start, .)

.init_array     0x02018568        0x8
 *(.init_array)
 .init_array    0x02018568        0x4 /opt/devkitpro/devkitARM/lib/gcc/arm-eabi/4.3.3/thumb/crtbegin.o
 .init_array    0x0201856c        0x4 blix.o
                0x02018570                PROVIDE (__init_array_end, .)
                0x02018570                PROVIDE (__fini_array_start, .)

.fini_array     0x02018570        0x4
 *(.fini_array)
 .fini_array    0x02018570        0x4 /opt/devkitpro/devkitARM/lib/gcc/arm-eabi/4.3.3/thumb/crtbegin.o
                0x02018574                PROVIDE (__fini_array_end, .)

.ctors          0x02018574        0x0
 *crtbegin.o(.ctors)
 *(EXCLUDE_FILE(*crtend.o) .ctors)
 *(SORT(.ctors.*))
 *(.ctors)
                0x02018574                . = ALIGN (0x4)

.dtors          0x02018574        0x0
 *crtbegin.o(.dtors)
 *(EXCLUDE_FILE(*crtend.o) .dtors)
 *(SORT(.dtors.*))
 *(.dtors)
                0x02018574                . = ALIGN (0x4)

.jcr            0x02018574        0x4
 *(.jcr)
 .jcr           0x02018574        0x0 /opt/devkitpro/devkitARM/lib/gcc/arm-eabi/4.3.3/thumb/crtbegin.o
 .jcr           0x02018574        0x4 /opt/devkitpro/devkitARM/lib/gcc/arm-eabi/4.3.3/thumb/crtend.o

.eh_frame       0x02018578        0x4
 *(.eh_frame)
 .eh_frame      0x02018578        0x0 /opt/devkitpro/devkitARM/lib/gcc/arm-eabi/4.3.3/thumb/crtbegin.o
 .eh_frame      0x02018578        0x4 /opt/devkitpro/devkitARM/lib/gcc/arm-eabi/4.3.3/thumb/crtend.o
                0x0201857c                . = ALIGN (0x4)

.gcc_except_table
                0x0201857c        0x0
 *(.gcc_except_table)
                0x0201857c                . = ALIGN (0x4)
                0x0201857c                __iwram_lma = .

.iwram          0x03000000        0x0 load address 0x0201857c
                0x03000000                __iwram_start = ABSOLUTE (.)
 *(.iwram)
 *iwram.*(.text)
                0x03000000                . = ALIGN (0x4)
                0x03000000                __iwram_end = ABSOLUTE (.)
                0x0201857c                __data_lma = (__iwram_lma + SIZEOF (.iwram))

.bss            0x03000000      0x55c
                0x03000000                __bss_start = ABSOLUTE (.)
                0x03000000                __bss_start__ = ABSOLUTE (.)
 *(.dynbss)
 *(.gnu.linkonce.b*)
 *(.bss*)
 .bss           0x03000000        0x0 /opt/devkitpro/devkitARM/lib/gcc/arm-eabi/4.3.3/../../../../arm-eabi/lib/thumb/gba_crt0.o
 .bss           0x03000000        0x0 /opt/devkitpro/devkitARM/lib/gcc/arm-eabi/4.3.3/thumb/crti.o
 .bss           0x03000000       0x1c /opt/devkitpro/devkitARM/lib/gcc/arm-eabi/4.3.3/thumb/crtbegin.o
 .bss           0x0300001c      0x534 blix.o
                0x0300001c                sprites
                0x03000544                uppress
                0x0300053c                rightpress
                0x0300054c                ypointer
                0x03000548                score
                0x03000538                leftpress
                0x0300041c                blocklayout
                0x030004ac                xblocklayout
                0x03000540                downpress
 .bss           0x03000550        0x0 /opt/devkitpro/devkitARM/lib/gcc/arm-eabi/4.3.3/thumb/libgcc.a(_divsi3.o)
 .bss           0x03000550        0x0 /opt/devkitpro/devkitARM/lib/gcc/arm-eabi/4.3.3/thumb/libgcc.a(_dvmd_tls.o)
 .bss           0x03000550        0x0 /opt/devkitpro/devkitARM/lib/gcc/arm-eabi/4.3.3/../../../../arm-eabi/lib/thumb/libg.a(lib_a-init.o)
 .bss           0x03000550        0x0 /opt/devkitpro/devkitARM/lib/gcc/arm-eabi/4.3.3/../../../../arm-eabi/lib/thumb/libg.a(lib_a-memcpy.o)
 .bss           0x03000550        0x0 /opt/devkitpro/devkitARM/lib/gcc/arm-eabi/4.3.3/../../../../arm-eabi/lib/thumb/libg.a(lib_a-rand.o)
 .bss           0x03000550        0x0 /opt/devkitpro/devkitARM/lib/gcc/arm-eabi/4.3.3/../../../../arm-eabi/lib/thumb/libg.a(lib_a-time.o)
 .bss           0x03000550        0x0 /opt/devkitpro/devkitARM/lib/gcc/arm-eabi/4.3.3/../../../../arm-eabi/lib/thumb/libg.a(lib_a-impure.o)
 .bss           0x03000550        0x0 /opt/devkitpro/devkitARM/lib/gcc/arm-eabi/4.3.3/../../../../arm-eabi/lib/thumb/libsysbase.a(times.o)
 .bss           0x03000550        0x8 /opt/devkitpro/devkitARM/lib/gcc/arm-eabi/4.3.3/../../../../arm-eabi/lib/thumb/libsysbase.a(malloc_vars.o)
                0x03000554                fake_heap_start
                0x03000550                fake_heap_end
 .bss           0x03000558        0x0 /opt/devkitpro/devkitARM/lib/gcc/arm-eabi/4.3.3/thumb/libgcc.a(_muldi3.o)
 .bss           0x03000558        0x0 /opt/devkitpro/devkitARM/lib/gcc/arm-eabi/4.3.3/../../../../arm-eabi/lib/thumb/libg.a(lib_a-errno.o)
 .bss           0x03000558        0x0 /opt/devkitpro/devkitARM/lib/gcc/arm-eabi/4.3.3/thumb/crtend.o
 .bss           0x03000558        0x0 /opt/devkitpro/devkitARM/lib/gcc/arm-eabi/4.3.3/thumb/crtn.o
 *(COMMON)
 COMMON         0x03000558        0x4 /opt/devkitpro/devkitARM/lib/gcc/arm-eabi/4.3.3/../../../../arm-eabi/lib/thumb/libsysbase.a(times.o)
                0x03000558                punixTime
                0x0300055c                . = ALIGN (0x4)
                0x0300055c                __bss_end = ABSOLUTE (.)
                0x0300055c                __bss_end__ = __bss_end

.data           0x0300055c      0x46c load address 0x0201857c
                0x0300055c                __data_start = ABSOLUTE (.)
 *(.data)
 .data          0x0300055c        0x0 /opt/devkitpro/devkitARM/lib/gcc/arm-eabi/4.3.3/../../../../arm-eabi/lib/thumb/gba_crt0.o
 .data          0x0300055c        0x0 /opt/devkitpro/devkitARM/lib/gcc/arm-eabi/4.3.3/thumb/crti.o
 .data          0x0300055c        0x4 /opt/devkitpro/devkitARM/lib/gcc/arm-eabi/4.3.3/thumb/crtbegin.o
                0x0300055c                __dso_handle
 .data          0x03000560       0x38 blix.o
                0x03000574                currentbar
                0x03000580                moves
                0x03000584                xblock
                0x03000560                colorlayout
                0x03000590                newpos3
                0x03000586                xblock2
                0x03000594                kwp
                0x03000578                scoreposition
                0x0300058e                newpos2
                0x03000588                xblock3
                0x0300058c                newpos1
                0x0300057c                scoreposition2
                0x03000570                speed
                0x0300058a                yblock
 .data          0x03000598        0x0 /opt/devkitpro/devkitARM/lib/gcc/arm-eabi/4.3.3/thumb/libgcc.a(_divsi3.o)
 .data          0x03000598        0x0 /opt/devkitpro/devkitARM/lib/gcc/arm-eabi/4.3.3/thumb/libgcc.a(_dvmd_tls.o)
 .data          0x03000598        0x0 /opt/devkitpro/devkitARM/lib/gcc/arm-eabi/4.3.3/../../../../arm-eabi/lib/thumb/libg.a(lib_a-init.o)
 .data          0x03000598        0x0 /opt/devkitpro/devkitARM/lib/gcc/arm-eabi/4.3.3/../../../../arm-eabi/lib/thumb/libg.a(lib_a-memcpy.o)
 .data          0x03000598        0x0 /opt/devkitpro/devkitARM/lib/gcc/arm-eabi/4.3.3/../../../../arm-eabi/lib/thumb/libg.a(lib_a-rand.o)
 .data          0x03000598        0x0 /opt/devkitpro/devkitARM/lib/gcc/arm-eabi/4.3.3/../../../../arm-eabi/lib/thumb/libg.a(lib_a-time.o)
 .data          0x03000598      0x430 /opt/devkitpro/devkitARM/lib/gcc/arm-eabi/4.3.3/../../../../arm-eabi/lib/thumb/libg.a(lib_a-impure.o)
                0x03000598                _impure_ptr
 .data          0x030009c8        0x0 /opt/devkitpro/devkitARM/lib/gcc/arm-eabi/4.3.3/../../../../arm-eabi/lib/thumb/libsysbase.a(times.o)
 .data          0x030009c8        0x0 /opt/devkitpro/devkitARM/lib/gcc/arm-eabi/4.3.3/../../../../arm-eabi/lib/thumb/libsysbase.a(malloc_vars.o)
 .data          0x030009c8        0x0 /opt/devkitpro/devkitARM/lib/gcc/arm-eabi/4.3.3/thumb/libgcc.a(_muldi3.o)
 .data          0x030009c8        0x0 /opt/devkitpro/devkitARM/lib/gcc/arm-eabi/4.3.3/../../../../arm-eabi/lib/thumb/libg.a(lib_a-errno.o)
 .data          0x030009c8        0x0 /opt/devkitpro/devkitARM/lib/gcc/arm-eabi/4.3.3/thumb/crtend.o
 .data          0x030009c8        0x0 /opt/devkitpro/devkitARM/lib/gcc/arm-eabi/4.3.3/thumb/crtn.o
 *(.data.*)
 *(.gnu.linkonce.d*)
                0x030009c8                . = ALIGN (0x4)
                0x030009c8                __data_end = ABSOLUTE (.)
                0x020189e8                __iwram_overlay_lma = (__data_lma + SIZEOF (.data))
                0x030009c8                PROVIDE (edata, .)
                0x030009c8                __iwram_overlay_start = .

.iwram0         0x030009c8        0x0 load address 0x020189e8
 *(.iwram0)
                0x030009c8                . = ALIGN (0x4)
                0x020189e8                PROVIDE (__load_start_iwram0, LOADADDR (.iwram0))
                0x020189e8                PROVIDE (__load_stop_iwram0, (LOADADDR (.iwram0) + SIZEOF (.iwram0)))

.iwram1         0x030009c8        0x0
 *(.iwram1)
                0x030009c8                . = ALIGN (0x4)
                0x030009c8                PROVIDE (__load_start_iwram1, LOADADDR (.iwram1))
                0x030009c8                PROVIDE (__load_stop_iwram1, (LOADADDR (.iwram1) + SIZEOF (.iwram1)))

.iwram2         0x030009c8        0x0
 *(.iwram2)
                0x030009c8                . = ALIGN (0x4)
                0x030009c8                PROVIDE (__load_start_iwram2, LOADADDR (.iwram2))
                0x030009c8                PROVIDE (__load_stop_iwram2, (LOADADDR (.iwram2) + SIZEOF (.iwram2)))

.iwram3         0x030009c8        0x0
 *(.iwram3)
                0x030009c8                . = ALIGN (0x4)
                0x030009c8                PROVIDE (__load_start_iwram3, LOADADDR (.iwram3))
                0x030009c8                PROVIDE (__load_stop_iwram3, (LOADADDR (.iwram3) + SIZEOF (.iwram3)))

.iwram4         0x030009c8        0x0
 *(.iwram4)
                0x030009c8                . = ALIGN (0x4)
                0x030009c8                PROVIDE (__load_start_iwram4, LOADADDR (.iwram4))
                0x030009c8                PROVIDE (__load_stop_iwram4, (LOADADDR (.iwram4) + SIZEOF (.iwram4)))

.iwram5         0x030009c8        0x0
 *(.iwram5)
                0x030009c8                . = ALIGN (0x4)
                0x030009c8                PROVIDE (__load_start_iwram5, LOADADDR (.iwram5))
                0x030009c8                PROVIDE (__load_stop_iwram5, (LOADADDR (.iwram5) + SIZEOF (.iwram5)))

.iwram6         0x030009c8        0x0
 *(.iwram6)
                0x030009c8                . = ALIGN (0x4)
                0x030009c8                PROVIDE (__load_start_iwram6, LOADADDR (.iwram6))
                0x030009c8                PROVIDE (__load_stop_iwram6, (LOADADDR (.iwram6) + SIZEOF (.iwram6)))

.iwram7         0x030009c8        0x0
 *(.iwram7)
                0x030009c8                . = ALIGN (0x4)
                0x030009c8                PROVIDE (__load_start_iwram7, LOADADDR (.iwram7))
                0x030009c8                PROVIDE (__load_stop_iwram7, (LOADADDR (.iwram7) + SIZEOF (.iwram7)))

.iwram8         0x030009c8        0x0
 *(.iwram8)
                0x030009c8                . = ALIGN (0x4)
                0x030009c8                PROVIDE (__load_start_iwram8, LOADADDR (.iwram8))
                0x030009c8                PROVIDE (__load_stop_iwram8, (LOADADDR (.iwram8) + SIZEOF (.iwram8)))

.iwram9         0x030009c8        0x0
 *(.iwram9)
                0x030009c8                . = ALIGN (0x4)
                0x030009c8                PROVIDE (__load_start_iwram9, LOADADDR (.iwram9))
                0x030009c8                PROVIDE (__load_stop_iwram9, (LOADADDR (.iwram9) + SIZEOF (.iwram9)))
                0x020189e8                __ewram_lma = ((((((((((LOADADDR (.iwram0) + SIZEOF (.iwram0)) + SIZEOF (.iwram1)) + SIZEOF (.iwram2)) + SIZEOF (.iwram3)) + SIZEOF (.iwram4)) + SIZEOF (.iwram5)) + SIZEOF (.iwram6)) + SIZEOF (.iwram7)) + SIZEOF (.iwram8)) + SIZEOF (.iwram9))
                0x020189e8                __iwram_overlay_end = __ewram_lma
                0x020189e8                __ewram_start = __ewram_lma

.ewram          0x020189e8        0x0
 *(.ewram)
                0x020189e8                . = ALIGN (0x4)
                0x020189e8                __ewram_overlay_lma = (__ewram_lma + SIZEOF (.ewram))

.sbss           0x020189e8        0x0
                0x020189e8                __sbss_start = ABSOLUTE (.)
 *(.sbss)
                0x020189e8                . = ALIGN (0x4)
                0x020189e8                __sbss_end = ABSOLUTE (.)
                0x020189e8                __ewram_end = __sbss_end
                0x020189e8                __ewram_overlay_start = __sbss_end

.ewram0         0x020189e8        0x0
 *(.ewram0)
                0x020189e8                . = ALIGN (0x4)
                0x020189e8                PROVIDE (__load_start_ewram0, LOADADDR (.ewram0))
                0x020189e8                PROVIDE (__load_stop_ewram0, (LOADADDR (.ewram0) + SIZEOF (.ewram0)))

.ewram1         0x020189e8        0x0
 *(.ewram1)
                0x020189e8                . = ALIGN (0x4)
                0x020189e8                PROVIDE (__load_start_ewram1, LOADADDR (.ewram1))
                0x020189e8                PROVIDE (__load_stop_ewram1, (LOADADDR (.ewram1) + SIZEOF (.ewram1)))

.ewram2         0x020189e8        0x0
 *(.ewram2)
                0x020189e8                . = ALIGN (0x4)
                0x020189e8                PROVIDE (__load_start_ewram2, LOADADDR (.ewram2))
                0x020189e8                PROVIDE (__load_stop_ewram2, (LOADADDR (.ewram2) + SIZEOF (.ewram2)))

.ewram3         0x020189e8        0x0
 *(.ewram3)
                0x020189e8                . = ALIGN (0x4)
                0x020189e8                PROVIDE (__load_start_ewram3, LOADADDR (.ewram3))
                0x020189e8                PROVIDE (__load_stop_ewram3, (LOADADDR (.ewram3) + SIZEOF (.ewram3)))

.ewram4         0x020189e8        0x0
 *(.ewram4)
                0x020189e8                . = ALIGN (0x4)
                0x020189e8                PROVIDE (__load_start_ewram4, LOADADDR (.ewram4))
                0x020189e8                PROVIDE (__load_stop_ewram4, (LOADADDR (.ewram4) + SIZEOF (.ewram4)))

.ewram5         0x020189e8        0x0
 *(.ewram5)
                0x020189e8                . = ALIGN (0x4)
                0x020189e8                PROVIDE (__load_start_ewram5, LOADADDR (.ewram5))
                0x020189e8                PROVIDE (__load_stop_ewram5, (LOADADDR (.ewram5) + SIZEOF (.ewram5)))

.ewram6         0x020189e8        0x0
 *(.ewram6)
                0x020189e8                . = ALIGN (0x4)
                0x020189e8                PROVIDE (__load_start_ewram6, LOADADDR (.ewram6))
                0x020189e8                PROVIDE (__load_stop_ewram6, (LOADADDR (.ewram6) + SIZEOF (.ewram6)))

.ewram7         0x020189e8        0x0
 *(.ewram7)
                0x020189e8                . = ALIGN (0x4)
                0x020189e8                PROVIDE (__load_start_ewram7, LOADADDR (.ewram7))
                0x020189e8                PROVIDE (__load_stop_ewram7, (LOADADDR (.ewram7) + SIZEOF (.ewram7)))

.ewram8         0x020189e8        0x0
 *(.ewram8)
                0x020189e8                . = ALIGN (0x4)
                0x020189e8                PROVIDE (__load_start_ewram8, LOADADDR (.ewram8))
                0x020189e8                PROVIDE (__load_stop_ewram8, (LOADADDR (.ewram8) + SIZEOF (.ewram8)))

.ewram9         0x020189e8        0x0
 *(.ewram9)
                0x020189e8                . = ALIGN (0x4)
                0x020189e8                PROVIDE (__load_start_ewram9, LOADADDR (.ewram9))
                0x020189e8                PROVIDE (__load_stop_ewram9, (LOADADDR (.ewram9) + SIZEOF (.ewram9)))
                0x020189e8                __ewram_overlay_end = ABSOLUTE (.)
                0x020189e8                __eheap_start = __ewram_overlay_end
                0x020189e8                _end = __ewram_overlay_end
                0x020189e8                __end__ = __ewram_overlay_end
                0x020189e8                __rom_end__ = __ewram_overlay_end

.stab
 *(.stab)

.stabstr
 *(.stabstr)

.stab.excl
 *(.stab.excl)

.stab.exclstr
 *(.stab.exclstr)

.stab.index
 *(.stab.index)

.stab.indexstr
 *(.stab.indexstr)

.comment        0x00000000      0x1a4
 *(.comment)
 .comment       0x00000000       0x23 /opt/devkitpro/devkitARM/lib/gcc/arm-eabi/4.3.3/thumb/crtbegin.o
 .comment       0x00000023       0x23 blix.o
 .comment       0x00000046       0x23 /opt/devkitpro/devkitARM/lib/gcc/arm-eabi/4.3.3/../../../../arm-eabi/lib/thumb/libg.a(lib_a-init.o)
 .comment       0x00000069       0x23 /opt/devkitpro/devkitARM/lib/gcc/arm-eabi/4.3.3/../../../../arm-eabi/lib/thumb/libg.a(lib_a-memcpy.o)
 .comment       0x0000008c       0x23 /opt/devkitpro/devkitARM/lib/gcc/arm-eabi/4.3.3/../../../../arm-eabi/lib/thumb/libg.a(lib_a-rand.o)
 .comment       0x000000af       0x23 /opt/devkitpro/devkitARM/lib/gcc/arm-eabi/4.3.3/../../../../arm-eabi/lib/thumb/libg.a(lib_a-time.o)
 .comment       0x000000d2       0x23 /opt/devkitpro/devkitARM/lib/gcc/arm-eabi/4.3.3/../../../../arm-eabi/lib/thumb/libg.a(lib_a-impure.o)
 .comment       0x000000f5       0x23 /opt/devkitpro/devkitARM/lib/gcc/arm-eabi/4.3.3/../../../../arm-eabi/lib/thumb/libsysbase.a(times.o)
 .comment       0x00000118       0x23 /opt/devkitpro/devkitARM/lib/gcc/arm-eabi/4.3.3/../../../../arm-eabi/lib/thumb/libsysbase.a(malloc_vars.o)
 .comment       0x0000013b       0x23 /opt/devkitpro/devkitARM/lib/gcc/arm-eabi/4.3.3/thumb/libgcc.a(_muldi3.o)
 .comment       0x0000015e       0x23 /opt/devkitpro/devkitARM/lib/gcc/arm-eabi/4.3.3/../../../../arm-eabi/lib/thumb/libg.a(lib_a-errno.o)
 .comment       0x00000181       0x23 /opt/devkitpro/devkitARM/lib/gcc/arm-eabi/4.3.3/thumb/crtend.o

.debug
 *(.debug)

.line
 *(.line)

.debug_srcinfo
 *(.debug_srcinfo)

.debug_sfnames
 *(.debug_sfnames)

.debug_aranges  0x00000000       0x70
 *(.debug_aranges)
 .debug_aranges
                0x00000000       0x28 /opt/devkitpro/devkitARM/lib/gcc/arm-eabi/4.3.3/thumb/crti.o
 .debug_aranges
                0x00000028       0x20 blix.o
 .debug_aranges
                0x00000048       0x28 /opt/devkitpro/devkitARM/lib/gcc/arm-eabi/4.3.3/thumb/crtn.o

.debug_pubnames
                0x00000000      0x1e3
 *(.debug_pubnames)
 .debug_pubnames
                0x00000000      0x1e3 blix.o

.debug_info     0x00000000     0x1110
 *(.debug_info)
 .debug_info    0x00000000       0x68 /opt/devkitpro/devkitARM/lib/gcc/arm-eabi/4.3.3/thumb/crti.o
 .debug_info    0x00000068     0x1040 blix.o
 .debug_info    0x000010a8       0x68 /opt/devkitpro/devkitARM/lib/gcc/arm-eabi/4.3.3/thumb/crtn.o

.debug_abbrev   0x00000000      0x33b
 *(.debug_abbrev)
 .debug_abbrev  0x00000000       0x12 /opt/devkitpro/devkitARM/lib/gcc/arm-eabi/4.3.3/thumb/crti.o
 .debug_abbrev  0x00000012      0x317 blix.o
 .debug_abbrev  0x00000329       0x12 /opt/devkitpro/devkitARM/lib/gcc/arm-eabi/4.3.3/thumb/crtn.o

.debug_line     0x00000000      0xa42
 *(.debug_line)
 .debug_line    0x00000000       0x49 /opt/devkitpro/devkitARM/lib/gcc/arm-eabi/4.3.3/thumb/crti.o
 .debug_line    0x00000049      0x97a blix.o
 .debug_line    0x000009c3       0x7f /opt/devkitpro/devkitARM/lib/gcc/arm-eabi/4.3.3/thumb/crtn.o

.debug_frame    0x00000000      0x19c
 *(.debug_frame)
 .debug_frame   0x00000000      0x19c blix.o

.debug_str      0x00000000      0x62c
 *(.debug_str)
 .debug_str     0x00000000      0x62c blix.o
                                0x68e (size before relaxing)

.debug_loc      0x00000000     0x17df
 *(.debug_loc)
 .debug_loc     0x00000000     0x17df blix.o

.debug_macinfo
 *(.debug_macinfo)

.debug_weaknames
 *(.debug_weaknames)

.debug_funcnames
 *(.debug_funcnames)

.debug_typenames
 *(.debug_typenames)

.debug_varnames
 *(.debug_varnames)

.stack          0x00080000        0x0
                0x00080000                _stack = .
 *(.stack)
LOAD /opt/devkitpro/devkitARM/lib/gcc/arm-eabi/4.3.3/../../../../arm-eabi/lib/thumb/gba_crt0.o
LOAD /opt/devkitpro/devkitARM/lib/gcc/arm-eabi/4.3.3/thumb/crti.o
LOAD /opt/devkitpro/devkitARM/lib/gcc/arm-eabi/4.3.3/thumb/crtbegin.o
LOAD blix.o
LOAD /opt/devkitpro//libgba/lib/libgba.a
LOAD /opt/devkitpro/devkitARM/lib/gcc/arm-eabi/4.3.3/../../../../arm-eabi/lib/thumb/libstdc++.a
LOAD /opt/devkitpro/devkitARM/lib/gcc/arm-eabi/4.3.3/../../../../arm-eabi/lib/thumb/libm.a
START GROUP
LOAD /opt/devkitpro/devkitARM/lib/gcc/arm-eabi/4.3.3/thumb/libgcc.a
LOAD /opt/devkitpro/devkitARM/lib/gcc/arm-eabi/4.3.3/../../../../arm-eabi/lib/thumb/libg.a
LOAD /opt/devkitpro/devkitARM/lib/gcc/arm-eabi/4.3.3/../../../../arm-eabi/lib/thumb/libc.a
LOAD /opt/devkitpro/devkitARM/lib/gcc/arm-eabi/4.3.3/../../../../arm-eabi/lib/thumb/libsysbase.a
END GROUP
LOAD /opt/devkitpro/devkitARM/lib/gcc/arm-eabi/4.3.3/thumb/crtend.o
LOAD /opt/devkitpro/devkitARM/lib/gcc/arm-eabi/4.3.3/thumb/crtn.o
OUTPUT(/home/abeisgreat/Desktop/Code/C++[ARM]/blix/blix_mb.elf elf32-littlearm)

.ARM.attributes
                0x00000000       0x2e
 .ARM.attributes
                0x00000000       0x20 /opt/devkitpro/devkitARM/lib/gcc/arm-eabi/4.3.3/../../../../arm-eabi/lib/thumb/gba_crt0.o
 .ARM.attributes
                0x00000020       0x1e /opt/devkitpro/devkitARM/lib/gcc/arm-eabi/4.3.3/thumb/crti.o
 .ARM.attributes
                0x0000003e       0x2e /opt/devkitpro/devkitARM/lib/gcc/arm-eabi/4.3.3/thumb/crtbegin.o
 .ARM.attributes
                0x0000006c       0x2a blix.o
 .ARM.attributes
                0x00000096       0x1e /opt/devkitpro/devkitARM/lib/gcc/arm-eabi/4.3.3/thumb/libgcc.a(_divsi3.o)
 .ARM.attributes
                0x000000b4       0x1e /opt/devkitpro/devkitARM/lib/gcc/arm-eabi/4.3.3/thumb/libgcc.a(_dvmd_tls.o)
 .ARM.attributes
                0x000000d2       0x2e /opt/devkitpro/devkitARM/lib/gcc/arm-eabi/4.3.3/../../../../arm-eabi/lib/thumb/libg.a(lib_a-init.o)
 .ARM.attributes
                0x00000100       0x2e /opt/devkitpro/devkitARM/lib/gcc/arm-eabi/4.3.3/../../../../arm-eabi/lib/thumb/libg.a(lib_a-memcpy.o)
 .ARM.attributes
                0x0000012e       0x2e /opt/devkitpro/devkitARM/lib/gcc/arm-eabi/4.3.3/../../../../arm-eabi/lib/thumb/libg.a(lib_a-rand.o)
 .ARM.attributes
                0x0000015c       0x2e /opt/devkitpro/devkitARM/lib/gcc/arm-eabi/4.3.3/../../../../arm-eabi/lib/thumb/libg.a(lib_a-time.o)
 .ARM.attributes
                0x0000018a       0x2c /opt/devkitpro/devkitARM/lib/gcc/arm-eabi/4.3.3/../../../../arm-eabi/lib/thumb/libg.a(lib_a-impure.o)
 .ARM.attributes
                0x000001b6       0x2e /opt/devkitpro/devkitARM/lib/gcc/arm-eabi/4.3.3/../../../../arm-eabi/lib/thumb/libsysbase.a(times.o)
 .ARM.attributes
                0x000001e4       0x2c /opt/devkitpro/devkitARM/lib/gcc/arm-eabi/4.3.3/../../../../arm-eabi/lib/thumb/libsysbase.a(malloc_vars.o)
 .ARM.attributes
                0x00000210       0x2e /opt/devkitpro/devkitARM/lib/gcc/arm-eabi/4.3.3/thumb/libgcc.a(_muldi3.o)
 .ARM.attributes
                0x0000023e       0x2e /opt/devkitpro/devkitARM/lib/gcc/arm-eabi/4.3.3/../../../../arm-eabi/lib/thumb/libg.a(lib_a-errno.o)
 .ARM.attributes
                0x0000026c       0x2c /opt/devkitpro/devkitARM/lib/gcc/arm-eabi/4.3.3/thumb/crtend.o
 .ARM.attributes
                0x00000298       0x1e /opt/devkitpro/devkitARM/lib/gcc/arm-eabi/4.3.3/thumb/crtn.o

.debug_ranges   0x00000000      0x2d0
 .debug_ranges  0x00000000       0x20 /opt/devkitpro/devkitARM/lib/gcc/arm-eabi/4.3.3/thumb/crti.o
 .debug_ranges  0x00000020      0x290 blix.o
 .debug_ranges  0x000002b0       0x20 /opt/devkitpro/devkitARM/lib/gcc/arm-eabi/4.3.3/thumb/crtn.o
