Archive member included because of file (symbol)

/opt/devkitpro/devkitARM/lib/gcc/arm-eabi/4.3.2/../../../../arm-eabi/lib/thumb/libg.a(lib_a-init.o)
                              /opt/devkitpro/devkitARM/lib/gcc/arm-eabi/4.3.2/../../../../arm-eabi/lib/thumb/gba_crt0.o (__libc_init_array)
/opt/devkitpro/devkitARM/lib/gcc/arm-eabi/4.3.2/../../../../arm-eabi/lib/thumb/libg.a(lib_a-memcpy.o)
                              stackage.o (memcpy)
/opt/devkitpro/devkitARM/lib/gcc/arm-eabi/4.3.2/../../../../arm-eabi/lib/thumb/libsysbase.a(malloc_vars.o)
                              /opt/devkitpro/devkitARM/lib/gcc/arm-eabi/4.3.2/../../../../arm-eabi/lib/thumb/gba_crt0.o (fake_heap_end)

Memory Configuration

Name             Origin             Length             Attributes
rom              0x08000000         0x02000000
iwram            0x03000000         0x00008000
ewram            0x02000000         0x00040000
*default*        0x00000000         0xffffffff

Linker script and memory map

                0x02000000                __text_start = 0x2000000
                0x02040000                __eheap_end = 0x2040000
                0x03000000                __iwram_start = 0x3000000
                0x03008000                __iwram_top = 0x3008000
                0x03007fa0                __sp_irq = (__iwram_top - 0x60)
                0x03007f00                __sp_usr = (__sp_irq - 0xa0)
                0x03007ff8                __irq_flags = 0x3007ff8
                0x02000000                . = __text_start

.init           0x02000000      0x21c
 *(.init)
 .init          0x02000000      0x210 /opt/devkitpro/devkitARM/lib/gcc/arm-eabi/4.3.2/../../../../arm-eabi/lib/thumb/gba_crt0.o
                0x020000c4                __boot_method
                0x020000c5                __slave_number
                0x02000000                _start
                0x020000e0                start_vector
 .init          0x02000210        0x4 /opt/devkitpro/devkitARM/lib/gcc/arm-eabi/4.3.2/thumb/crti.o
                0x02000210                _init
 .init          0x02000214        0x8 /opt/devkitpro/devkitARM/lib/gcc/arm-eabi/4.3.2/thumb/crtn.o
                0x0200021c                . = ALIGN (0x4)

.plt            0x0200021c        0x0
 *(.plt)
                0x0200021c                . = ALIGN (0x4)

.text           0x0200021c      0x534
 *(EXCLUDE_FILE(*.iwram*) .text)
 .text          0x0200021c        0x0 /opt/devkitpro/devkitARM/lib/gcc/arm-eabi/4.3.2/../../../../arm-eabi/lib/thumb/gba_crt0.o
 .text          0x0200021c        0x0 /opt/devkitpro/devkitARM/lib/gcc/arm-eabi/4.3.2/thumb/crti.o
 .text          0x0200021c       0x70 /opt/devkitpro/devkitARM/lib/gcc/arm-eabi/4.3.2/thumb/crtbegin.o
 .text          0x0200028c      0x3b4 stackage.o
                0x0200028c                _Z17InitializeSpritesv
                0x020002d8                _Z10MoveSpriteP11tagOAMEntryii
                0x020003e8                main
                0x020002f8                _Z8MoveBallv
                0x020002ac                _Z7CopyOAMv
 .text          0x02000640       0x88 /opt/devkitpro/devkitARM/lib/gcc/arm-eabi/4.3.2/../../../../arm-eabi/lib/thumb/libg.a(lib_a-init.o)
                0x02000670                __libc_init_array
                0x02000640                __libc_fini_array
 .text          0x020006c8       0x88 /opt/devkitpro/devkitARM/lib/gcc/arm-eabi/4.3.2/../../../../arm-eabi/lib/thumb/libg.a(lib_a-memcpy.o)
                0x020006c8                memcpy
 .text          0x02000750        0x0 /opt/devkitpro/devkitARM/lib/gcc/arm-eabi/4.3.2/../../../../arm-eabi/lib/thumb/libsysbase.a(malloc_vars.o)
 .text          0x02000750        0x0 /opt/devkitpro/devkitARM/lib/gcc/arm-eabi/4.3.2/thumb/crtend.o
 .text          0x02000750        0x0 /opt/devkitpro/devkitARM/lib/gcc/arm-eabi/4.3.2/thumb/crtn.o
 *(.text .stub .text.* .gnu.linkonce.t.*)
 *(.text.*personality*)
 *(.gnu.warning)
 *(.glue_7t)
 .glue_7t       0x02000750        0x0 /opt/devkitpro/devkitARM/lib/gcc/arm-eabi/4.3.2/../../../../arm-eabi/lib/thumb/gba_crt0.o
 .glue_7t       0x02000750        0x0 /opt/devkitpro/devkitARM/lib/gcc/arm-eabi/4.3.2/thumb/crti.o
 .glue_7t       0x02000750        0x0 /opt/devkitpro/devkitARM/lib/gcc/arm-eabi/4.3.2/thumb/crtbegin.o
 .glue_7t       0x02000750        0x0 stackage.o
 .glue_7t       0x02000750        0x0 /opt/devkitpro/devkitARM/lib/gcc/arm-eabi/4.3.2/../../../../arm-eabi/lib/thumb/libg.a(lib_a-init.o)
 .glue_7t       0x02000750        0x0 /opt/devkitpro/devkitARM/lib/gcc/arm-eabi/4.3.2/../../../../arm-eabi/lib/thumb/libg.a(lib_a-memcpy.o)
 .glue_7t       0x02000750        0x0 /opt/devkitpro/devkitARM/lib/gcc/arm-eabi/4.3.2/../../../../arm-eabi/lib/thumb/libsysbase.a(malloc_vars.o)
 .glue_7t       0x02000750        0x0 /opt/devkitpro/devkitARM/lib/gcc/arm-eabi/4.3.2/thumb/crtend.o
 .glue_7t       0x02000750        0x0 /opt/devkitpro/devkitARM/lib/gcc/arm-eabi/4.3.2/thumb/crtn.o
 *(.glue_7)
 .glue_7        0x02000750        0x0 /opt/devkitpro/devkitARM/lib/gcc/arm-eabi/4.3.2/../../../../arm-eabi/lib/thumb/gba_crt0.o
 .glue_7        0x02000750        0x0 /opt/devkitpro/devkitARM/lib/gcc/arm-eabi/4.3.2/thumb/crti.o
 .glue_7        0x02000750        0x0 /opt/devkitpro/devkitARM/lib/gcc/arm-eabi/4.3.2/thumb/crtbegin.o
 .glue_7        0x02000750        0x0 stackage.o
 .glue_7        0x02000750        0x0 /opt/devkitpro/devkitARM/lib/gcc/arm-eabi/4.3.2/../../../../arm-eabi/lib/thumb/libg.a(lib_a-init.o)
 .glue_7        0x02000750        0x0 /opt/devkitpro/devkitARM/lib/gcc/arm-eabi/4.3.2/../../../../arm-eabi/lib/thumb/libg.a(lib_a-memcpy.o)
 .glue_7        0x02000750        0x0 /opt/devkitpro/devkitARM/lib/gcc/arm-eabi/4.3.2/../../../../arm-eabi/lib/thumb/libsysbase.a(malloc_vars.o)
 .glue_7        0x02000750        0x0 /opt/devkitpro/devkitARM/lib/gcc/arm-eabi/4.3.2/thumb/crtend.o
 .glue_7        0x02000750        0x0 /opt/devkitpro/devkitARM/lib/gcc/arm-eabi/4.3.2/thumb/crtn.o
 *(.vfp11_veneer)
 .vfp11_veneer  0x02000750        0x0 /opt/devkitpro/devkitARM/lib/gcc/arm-eabi/4.3.2/../../../../arm-eabi/lib/thumb/gba_crt0.o
 .vfp11_veneer  0x02000750        0x0 /opt/devkitpro/devkitARM/lib/gcc/arm-eabi/4.3.2/thumb/crti.o
 .vfp11_veneer  0x02000750        0x0 /opt/devkitpro/devkitARM/lib/gcc/arm-eabi/4.3.2/thumb/crtbegin.o
 .vfp11_veneer  0x02000750        0x0 stackage.o
 .vfp11_veneer  0x02000750        0x0 /opt/devkitpro/devkitARM/lib/gcc/arm-eabi/4.3.2/../../../../arm-eabi/lib/thumb/libg.a(lib_a-init.o)
 .vfp11_veneer  0x02000750        0x0 /opt/devkitpro/devkitARM/lib/gcc/arm-eabi/4.3.2/../../../../arm-eabi/lib/thumb/libg.a(lib_a-memcpy.o)
 .vfp11_veneer  0x02000750        0x0 /opt/devkitpro/devkitARM/lib/gcc/arm-eabi/4.3.2/../../../../arm-eabi/lib/thumb/libsysbase.a(malloc_vars.o)
 .vfp11_veneer  0x02000750        0x0 /opt/devkitpro/devkitARM/lib/gcc/arm-eabi/4.3.2/thumb/crtend.o
 .vfp11_veneer  0x02000750        0x0 /opt/devkitpro/devkitARM/lib/gcc/arm-eabi/4.3.2/thumb/crtn.o
                0x02000750                . = ALIGN (0x4)
                0x02000750                __text_end = .

.v4_bx          0x02000750        0x0
 .v4_bx         0x02000750        0x0 /opt/devkitpro/devkitARM/lib/gcc/arm-eabi/4.3.2/../../../../arm-eabi/lib/thumb/gba_crt0.o
 .v4_bx         0x02000750        0x0 /opt/devkitpro/devkitARM/lib/gcc/arm-eabi/4.3.2/thumb/crti.o
 .v4_bx         0x02000750        0x0 /opt/devkitpro/devkitARM/lib/gcc/arm-eabi/4.3.2/thumb/crtbegin.o
 .v4_bx         0x02000750        0x0 stackage.o
 .v4_bx         0x02000750        0x0 /opt/devkitpro/devkitARM/lib/gcc/arm-eabi/4.3.2/../../../../arm-eabi/lib/thumb/libg.a(lib_a-init.o)
 .v4_bx         0x02000750        0x0 /opt/devkitpro/devkitARM/lib/gcc/arm-eabi/4.3.2/../../../../arm-eabi/lib/thumb/libg.a(lib_a-memcpy.o)
 .v4_bx         0x02000750        0x0 /opt/devkitpro/devkitARM/lib/gcc/arm-eabi/4.3.2/../../../../arm-eabi/lib/thumb/libsysbase.a(malloc_vars.o)
 .v4_bx         0x02000750        0x0 /opt/devkitpro/devkitARM/lib/gcc/arm-eabi/4.3.2/thumb/crtend.o
 .v4_bx         0x02000750        0x0 /opt/devkitpro/devkitARM/lib/gcc/arm-eabi/4.3.2/thumb/crtn.o

.fini           0x02000750        0xc
 *(.fini)
 .fini          0x02000750        0x4 /opt/devkitpro/devkitARM/lib/gcc/arm-eabi/4.3.2/thumb/crti.o
                0x02000750                _fini
 .fini          0x02000754        0x8 /opt/devkitpro/devkitARM/lib/gcc/arm-eabi/4.3.2/thumb/crtn.o
                0x0200075c                . = ALIGN (0x4)

.rodata         0x0200075c     0x9e00
 *(.rodata)
 .rodata        0x0200075c     0x9e00 stackage.o
 *all.rodata*(*)
 *(.roda)
 *(.rodata.*)
 *(.gnu.linkonce.r*)
                0x0200a55c                . = ALIGN (0x4)

.ARM.extab
 *(.ARM.extab* .gnu.linkonce.armextab.*)
                0x0200a55c                __exidx_start = .

.ARM.exidx
 *(.ARM.exidx* .gnu.linkonce.armexidx.*)
                0x0200a55c                __exidx_end = .
                0x0200a55c                . = ALIGN (0x4)
                0x0200a55c                PROVIDE (__preinit_array_start, .)

.preinit_array
 *(.preinit_array)
                0x0200a55c                PROVIDE (__preinit_array_end, .)
                0x0200a55c                PROVIDE (__init_array_start, .)

.init_array     0x0200a55c        0x4
 *(.init_array)
 .init_array    0x0200a55c        0x4 /opt/devkitpro/devkitARM/lib/gcc/arm-eabi/4.3.2/thumb/crtbegin.o
                0x0200a560                PROVIDE (__init_array_end, .)
                0x0200a560                PROVIDE (__fini_array_start, .)

.fini_array     0x0200a560        0x4
 *(.fini_array)
 .fini_array    0x0200a560        0x4 /opt/devkitpro/devkitARM/lib/gcc/arm-eabi/4.3.2/thumb/crtbegin.o
                0x0200a564                PROVIDE (__fini_array_end, .)

.ctors          0x0200a564        0x0
 *crtbegin.o(.ctors)
 *(EXCLUDE_FILE(*crtend.o) .ctors)
 *(SORT(.ctors.*))
 *(.ctors)
                0x0200a564                . = ALIGN (0x4)

.dtors          0x0200a564        0x0
 *crtbegin.o(.dtors)
 *(EXCLUDE_FILE(*crtend.o) .dtors)
 *(SORT(.dtors.*))
 *(.dtors)
                0x0200a564                . = ALIGN (0x4)

.jcr            0x0200a564        0x4
 *(.jcr)
 .jcr           0x0200a564        0x0 /opt/devkitpro/devkitARM/lib/gcc/arm-eabi/4.3.2/thumb/crtbegin.o
 .jcr           0x0200a564        0x4 /opt/devkitpro/devkitARM/lib/gcc/arm-eabi/4.3.2/thumb/crtend.o

.eh_frame       0x0200a568        0x4
 *(.eh_frame)
 .eh_frame      0x0200a568        0x0 /opt/devkitpro/devkitARM/lib/gcc/arm-eabi/4.3.2/thumb/crtbegin.o
 .eh_frame      0x0200a568        0x4 /opt/devkitpro/devkitARM/lib/gcc/arm-eabi/4.3.2/thumb/crtend.o
                0x0200a56c                . = ALIGN (0x4)

.gcc_except_table
                0x0200a56c        0x0
 *(.gcc_except_table)
                0x0200a56c                . = ALIGN (0x4)
                0x0200a56c                __iwram_lma = .

.iwram          0x03000000        0x0 load address 0x0200a56c
                0x03000000                __iwram_start = ABSOLUTE (.)
 *(.iwram)
 *iwram.*(.text)
                0x03000000                . = ALIGN (0x4)
                0x03000000                __iwram_end = ABSOLUTE (.)
                0x0200a56c                __data_lma = (__iwram_lma + SIZEOF (.iwram))

.bss            0x03000000      0x430
                0x03000000                __bss_start = ABSOLUTE (.)
                0x03000000                __bss_start__ = ABSOLUTE (.)
 *(.dynbss)
 *(.gnu.linkonce.b*)
 *(.bss*)
 .bss           0x03000000        0x0 /opt/devkitpro/devkitARM/lib/gcc/arm-eabi/4.3.2/../../../../arm-eabi/lib/thumb/gba_crt0.o
 .bss           0x03000000        0x0 /opt/devkitpro/devkitARM/lib/gcc/arm-eabi/4.3.2/thumb/crti.o
 .bss           0x03000000       0x1c /opt/devkitpro/devkitARM/lib/gcc/arm-eabi/4.3.2/thumb/crtbegin.o
 .bss           0x0300001c      0x40c stackage.o
                0x0300001c                sprites
                0x0300041c                xball
                0x0300041e                xballnew
                0x03000424                sprite
                0x03000422                mode
                0x03000426                apress
                0x03000420                speed
 .bss           0x03000428        0x0 /opt/devkitpro/devkitARM/lib/gcc/arm-eabi/4.3.2/../../../../arm-eabi/lib/thumb/libg.a(lib_a-init.o)
 .bss           0x03000428        0x0 /opt/devkitpro/devkitARM/lib/gcc/arm-eabi/4.3.2/../../../../arm-eabi/lib/thumb/libg.a(lib_a-memcpy.o)
 .bss           0x03000428        0x8 /opt/devkitpro/devkitARM/lib/gcc/arm-eabi/4.3.2/../../../../arm-eabi/lib/thumb/libsysbase.a(malloc_vars.o)
                0x0300042c                fake_heap_start
                0x03000428                fake_heap_end
 .bss           0x03000430        0x0 /opt/devkitpro/devkitARM/lib/gcc/arm-eabi/4.3.2/thumb/crtend.o
 .bss           0x03000430        0x0 /opt/devkitpro/devkitARM/lib/gcc/arm-eabi/4.3.2/thumb/crtn.o
 *(COMMON)
                0x03000430                . = ALIGN (0x4)
                0x03000430                __bss_end = ABSOLUTE (.)
                0x03000430                __bss_end__ = __bss_end

.data           0x03000430        0x8 load address 0x0200a56c
                0x03000430                __data_start = ABSOLUTE (.)
 *(.data)
 .data          0x03000430        0x0 /opt/devkitpro/devkitARM/lib/gcc/arm-eabi/4.3.2/../../../../arm-eabi/lib/thumb/gba_crt0.o
 .data          0x03000430        0x0 /opt/devkitpro/devkitARM/lib/gcc/arm-eabi/4.3.2/thumb/crti.o
 .data          0x03000430        0x4 /opt/devkitpro/devkitARM/lib/gcc/arm-eabi/4.3.2/thumb/crtbegin.o
                0x03000430                __dso_handle
 .data          0x03000434        0x2 stackage.o
                0x03000434                yball
 .data          0x03000436        0x0 /opt/devkitpro/devkitARM/lib/gcc/arm-eabi/4.3.2/../../../../arm-eabi/lib/thumb/libg.a(lib_a-init.o)
 .data          0x03000436        0x0 /opt/devkitpro/devkitARM/lib/gcc/arm-eabi/4.3.2/../../../../arm-eabi/lib/thumb/libg.a(lib_a-memcpy.o)
 .data          0x03000436        0x0 /opt/devkitpro/devkitARM/lib/gcc/arm-eabi/4.3.2/../../../../arm-eabi/lib/thumb/libsysbase.a(malloc_vars.o)
 .data          0x03000436        0x0 /opt/devkitpro/devkitARM/lib/gcc/arm-eabi/4.3.2/thumb/crtend.o
 .data          0x03000436        0x0 /opt/devkitpro/devkitARM/lib/gcc/arm-eabi/4.3.2/thumb/crtn.o
 *(.data.*)
 *(.gnu.linkonce.d*)
                0x03000438                . = ALIGN (0x4)
 *fill*         0x03000436        0x2 ff
                0x03000438                __data_end = ABSOLUTE (.)
                0x0200a574                __iwram_overlay_lma = (__data_lma + SIZEOF (.data))
                0x03000438                PROVIDE (edata, .)
                0x03000438                __iwram_overlay_start = .

.iwram0         0x03000438        0x0 load address 0x0200a574
 *(.iwram0)
                0x03000438                . = ALIGN (0x4)
                0x0200a574                PROVIDE (__load_start_iwram0, LOADADDR (.iwram0))
                0x0200a574                PROVIDE (__load_stop_iwram0, (LOADADDR (.iwram0) + SIZEOF (.iwram0)))

.iwram1         0x03000438        0x0
 *(.iwram1)
                0x03000438                . = ALIGN (0x4)
                0x03000438                PROVIDE (__load_start_iwram1, LOADADDR (.iwram1))
                0x03000438                PROVIDE (__load_stop_iwram1, (LOADADDR (.iwram1) + SIZEOF (.iwram1)))

.iwram2         0x03000438        0x0
 *(.iwram2)
                0x03000438                . = ALIGN (0x4)
                0x03000438                PROVIDE (__load_start_iwram2, LOADADDR (.iwram2))
                0x03000438                PROVIDE (__load_stop_iwram2, (LOADADDR (.iwram2) + SIZEOF (.iwram2)))

.iwram3         0x03000438        0x0
 *(.iwram3)
                0x03000438                . = ALIGN (0x4)
                0x03000438                PROVIDE (__load_start_iwram3, LOADADDR (.iwram3))
                0x03000438                PROVIDE (__load_stop_iwram3, (LOADADDR (.iwram3) + SIZEOF (.iwram3)))

.iwram4         0x03000438        0x0
 *(.iwram4)
                0x03000438                . = ALIGN (0x4)
                0x03000438                PROVIDE (__load_start_iwram4, LOADADDR (.iwram4))
                0x03000438                PROVIDE (__load_stop_iwram4, (LOADADDR (.iwram4) + SIZEOF (.iwram4)))

.iwram5         0x03000438        0x0
 *(.iwram5)
                0x03000438                . = ALIGN (0x4)
                0x03000438                PROVIDE (__load_start_iwram5, LOADADDR (.iwram5))
                0x03000438                PROVIDE (__load_stop_iwram5, (LOADADDR (.iwram5) + SIZEOF (.iwram5)))

.iwram6         0x03000438        0x0
 *(.iwram6)
                0x03000438                . = ALIGN (0x4)
                0x03000438                PROVIDE (__load_start_iwram6, LOADADDR (.iwram6))
                0x03000438                PROVIDE (__load_stop_iwram6, (LOADADDR (.iwram6) + SIZEOF (.iwram6)))

.iwram7         0x03000438        0x0
 *(.iwram7)
                0x03000438                . = ALIGN (0x4)
                0x03000438                PROVIDE (__load_start_iwram7, LOADADDR (.iwram7))
                0x03000438                PROVIDE (__load_stop_iwram7, (LOADADDR (.iwram7) + SIZEOF (.iwram7)))

.iwram8         0x03000438        0x0
 *(.iwram8)
                0x03000438                . = ALIGN (0x4)
                0x03000438                PROVIDE (__load_start_iwram8, LOADADDR (.iwram8))
                0x03000438                PROVIDE (__load_stop_iwram8, (LOADADDR (.iwram8) + SIZEOF (.iwram8)))

.iwram9         0x03000438        0x0
 *(.iwram9)
                0x03000438                . = ALIGN (0x4)
                0x03000438                PROVIDE (__load_start_iwram9, LOADADDR (.iwram9))
                0x03000438                PROVIDE (__load_stop_iwram9, (LOADADDR (.iwram9) + SIZEOF (.iwram9)))
                0x0200a574                __ewram_lma = ((((((((((LOADADDR (.iwram0) + SIZEOF (.iwram0)) + SIZEOF (.iwram1)) + SIZEOF (.iwram2)) + SIZEOF (.iwram3)) + SIZEOF (.iwram4)) + SIZEOF (.iwram5)) + SIZEOF (.iwram6)) + SIZEOF (.iwram7)) + SIZEOF (.iwram8)) + SIZEOF (.iwram9))
                0x0200a574                __iwram_overlay_end = __ewram_lma
                0x0200a574                __ewram_start = __ewram_lma

.ewram          0x0200a574        0x0
 *(.ewram)
                0x0200a574                . = ALIGN (0x4)
                0x0200a574                __ewram_overlay_lma = (__ewram_lma + SIZEOF (.ewram))

.sbss           0x0200a574        0x0
                0x0200a574                __sbss_start = ABSOLUTE (.)
 *(.sbss)
                0x0200a574                . = ALIGN (0x4)
                0x0200a574                __sbss_end = ABSOLUTE (.)
                0x0200a574                __ewram_end = __sbss_end
                0x0200a574                __ewram_overlay_start = __sbss_end

.ewram0         0x0200a574        0x0
 *(.ewram0)
                0x0200a574                . = ALIGN (0x4)
                0x0200a574                PROVIDE (__load_start_ewram0, LOADADDR (.ewram0))
                0x0200a574                PROVIDE (__load_stop_ewram0, (LOADADDR (.ewram0) + SIZEOF (.ewram0)))

.ewram1         0x0200a574        0x0
 *(.ewram1)
                0x0200a574                . = ALIGN (0x4)
                0x0200a574                PROVIDE (__load_start_ewram1, LOADADDR (.ewram1))
                0x0200a574                PROVIDE (__load_stop_ewram1, (LOADADDR (.ewram1) + SIZEOF (.ewram1)))

.ewram2         0x0200a574        0x0
 *(.ewram2)
                0x0200a574                . = ALIGN (0x4)
                0x0200a574                PROVIDE (__load_start_ewram2, LOADADDR (.ewram2))
                0x0200a574                PROVIDE (__load_stop_ewram2, (LOADADDR (.ewram2) + SIZEOF (.ewram2)))

.ewram3         0x0200a574        0x0
 *(.ewram3)
                0x0200a574                . = ALIGN (0x4)
                0x0200a574                PROVIDE (__load_start_ewram3, LOADADDR (.ewram3))
                0x0200a574                PROVIDE (__load_stop_ewram3, (LOADADDR (.ewram3) + SIZEOF (.ewram3)))

.ewram4         0x0200a574        0x0
 *(.ewram4)
                0x0200a574                . = ALIGN (0x4)
                0x0200a574                PROVIDE (__load_start_ewram4, LOADADDR (.ewram4))
                0x0200a574                PROVIDE (__load_stop_ewram4, (LOADADDR (.ewram4) + SIZEOF (.ewram4)))

.ewram5         0x0200a574        0x0
 *(.ewram5)
                0x0200a574                . = ALIGN (0x4)
                0x0200a574                PROVIDE (__load_start_ewram5, LOADADDR (.ewram5))
                0x0200a574                PROVIDE (__load_stop_ewram5, (LOADADDR (.ewram5) + SIZEOF (.ewram5)))

.ewram6         0x0200a574        0x0
 *(.ewram6)
                0x0200a574                . = ALIGN (0x4)
                0x0200a574                PROVIDE (__load_start_ewram6, LOADADDR (.ewram6))
                0x0200a574                PROVIDE (__load_stop_ewram6, (LOADADDR (.ewram6) + SIZEOF (.ewram6)))

.ewram7         0x0200a574        0x0
 *(.ewram7)
                0x0200a574                . = ALIGN (0x4)
                0x0200a574                PROVIDE (__load_start_ewram7, LOADADDR (.ewram7))
                0x0200a574                PROVIDE (__load_stop_ewram7, (LOADADDR (.ewram7) + SIZEOF (.ewram7)))

.ewram8         0x0200a574        0x0
 *(.ewram8)
                0x0200a574                . = ALIGN (0x4)
                0x0200a574                PROVIDE (__load_start_ewram8, LOADADDR (.ewram8))
                0x0200a574                PROVIDE (__load_stop_ewram8, (LOADADDR (.ewram8) + SIZEOF (.ewram8)))

.ewram9         0x0200a574        0x0
 *(.ewram9)
                0x0200a574                . = ALIGN (0x4)
                0x0200a574                PROVIDE (__load_start_ewram9, LOADADDR (.ewram9))
                0x0200a574                PROVIDE (__load_stop_ewram9, (LOADADDR (.ewram9) + SIZEOF (.ewram9)))
                0x0200a574                __ewram_overlay_end = ABSOLUTE (.)
                0x0200a574                __eheap_start = __ewram_overlay_end
                0x0200a574                _end = __ewram_overlay_end
                0x0200a574                __end__ = __ewram_overlay_end
                0x0200a574                __rom_end__ = __ewram_overlay_end

.stab
 *(.stab)

.stabstr
 *(.stabstr)

.stab.excl
 *(.stab.excl)

.stab.exclstr
 *(.stab.exclstr)

.stab.index
 *(.stab.index)

.stab.indexstr
 *(.stab.indexstr)

.comment        0x00000000       0xd2
 *(.comment)
 .comment       0x00000000       0x23 /opt/devkitpro/devkitARM/lib/gcc/arm-eabi/4.3.2/thumb/crtbegin.o
 .comment       0x00000023       0x23 stackage.o
 .comment       0x00000046       0x23 /opt/devkitpro/devkitARM/lib/gcc/arm-eabi/4.3.2/../../../../arm-eabi/lib/thumb/libg.a(lib_a-init.o)
 .comment       0x00000069       0x23 /opt/devkitpro/devkitARM/lib/gcc/arm-eabi/4.3.2/../../../../arm-eabi/lib/thumb/libg.a(lib_a-memcpy.o)
 .comment       0x0000008c       0x23 /opt/devkitpro/devkitARM/lib/gcc/arm-eabi/4.3.2/../../../../arm-eabi/lib/thumb/libsysbase.a(malloc_vars.o)
 .comment       0x000000af       0x23 /opt/devkitpro/devkitARM/lib/gcc/arm-eabi/4.3.2/thumb/crtend.o

.debug
 *(.debug)

.line
 *(.line)

.debug_srcinfo
 *(.debug_srcinfo)

.debug_sfnames
 *(.debug_sfnames)

.debug_aranges  0x00000000       0x70
 *(.debug_aranges)
 .debug_aranges
                0x00000000       0x28 /opt/devkitpro/devkitARM/lib/gcc/arm-eabi/4.3.2/thumb/crti.o
 .debug_aranges
                0x00000028       0x20 stackage.o
 .debug_aranges
                0x00000048       0x28 /opt/devkitpro/devkitARM/lib/gcc/arm-eabi/4.3.2/thumb/crtn.o

.debug_pubnames
                0x00000000       0xaf
 *(.debug_pubnames)
 .debug_pubnames
                0x00000000       0xaf stackage.o

.debug_info     0x00000000      0x558
 *(.debug_info)
 .debug_info    0x00000000       0x68 /opt/devkitpro/devkitARM/lib/gcc/arm-eabi/4.3.2/thumb/crti.o
 .debug_info    0x00000068      0x488 stackage.o
 .debug_info    0x000004f0       0x68 /opt/devkitpro/devkitARM/lib/gcc/arm-eabi/4.3.2/thumb/crtn.o

.debug_abbrev   0x00000000      0x1e9
 *(.debug_abbrev)
 .debug_abbrev  0x00000000       0x12 /opt/devkitpro/devkitARM/lib/gcc/arm-eabi/4.3.2/thumb/crti.o
 .debug_abbrev  0x00000012      0x1c5 stackage.o
 .debug_abbrev  0x000001d7       0x12 /opt/devkitpro/devkitARM/lib/gcc/arm-eabi/4.3.2/thumb/crtn.o

.debug_line     0x00000000      0x37b
 *(.debug_line)
 .debug_line    0x00000000       0x49 /opt/devkitpro/devkitARM/lib/gcc/arm-eabi/4.3.2/thumb/crti.o
 .debug_line    0x00000049      0x2b3 stackage.o
 .debug_line    0x000002fc       0x7f /opt/devkitpro/devkitARM/lib/gcc/arm-eabi/4.3.2/thumb/crtn.o

.debug_frame    0x00000000       0xa0
 *(.debug_frame)
 .debug_frame   0x00000000       0xa0 stackage.o

.debug_str      0x00000000      0x245
 *(.debug_str)
 .debug_str     0x00000000      0x245 stackage.o
                                0x287 (size before relaxing)

.debug_loc      0x00000000       0xda
 *(.debug_loc)
 .debug_loc     0x00000000       0xda stackage.o

.debug_macinfo
 *(.debug_macinfo)

.debug_weaknames
 *(.debug_weaknames)

.debug_funcnames
 *(.debug_funcnames)

.debug_typenames
 *(.debug_typenames)

.debug_varnames
 *(.debug_varnames)

.stack          0x00080000        0x0
                0x00080000                _stack = .
 *(.stack)
LOAD /opt/devkitpro/devkitARM/lib/gcc/arm-eabi/4.3.2/../../../../arm-eabi/lib/thumb/gba_crt0.o
LOAD /opt/devkitpro/devkitARM/lib/gcc/arm-eabi/4.3.2/thumb/crti.o
LOAD /opt/devkitpro/devkitARM/lib/gcc/arm-eabi/4.3.2/thumb/crtbegin.o
LOAD stackage.o
LOAD /opt/devkitpro//libgba/lib/libgba.a
LOAD /opt/devkitpro/devkitARM/lib/gcc/arm-eabi/4.3.2/../../../../arm-eabi/lib/thumb/libstdc++.a
LOAD /opt/devkitpro/devkitARM/lib/gcc/arm-eabi/4.3.2/../../../../arm-eabi/lib/thumb/libm.a
START GROUP
LOAD /opt/devkitpro/devkitARM/lib/gcc/arm-eabi/4.3.2/thumb/libgcc.a
LOAD /opt/devkitpro/devkitARM/lib/gcc/arm-eabi/4.3.2/../../../../arm-eabi/lib/thumb/libg.a
LOAD /opt/devkitpro/devkitARM/lib/gcc/arm-eabi/4.3.2/../../../../arm-eabi/lib/thumb/libc.a
LOAD /opt/devkitpro/devkitARM/lib/gcc/arm-eabi/4.3.2/../../../../arm-eabi/lib/thumb/libsysbase.a
END GROUP
LOAD /opt/devkitpro/devkitARM/lib/gcc/arm-eabi/4.3.2/thumb/crtend.o
LOAD /opt/devkitpro/devkitARM/lib/gcc/arm-eabi/4.3.2/thumb/crtn.o
OUTPUT(/home/abeisgreat/Desktop/C++[ARM]/stackage/stackage_mb.elf elf32-littlearm)

.ARM.attributes
                0x00000000       0x2e
 .ARM.attributes
                0x00000000       0x20 /opt/devkitpro/devkitARM/lib/gcc/arm-eabi/4.3.2/../../../../arm-eabi/lib/thumb/gba_crt0.o
 .ARM.attributes
                0x00000020       0x1e /opt/devkitpro/devkitARM/lib/gcc/arm-eabi/4.3.2/thumb/crti.o
 .ARM.attributes
                0x0000003e       0x2e /opt/devkitpro/devkitARM/lib/gcc/arm-eabi/4.3.2/thumb/crtbegin.o
 .ARM.attributes
                0x0000006c       0x2a stackage.o
 .ARM.attributes
                0x00000096       0x2e /opt/devkitpro/devkitARM/lib/gcc/arm-eabi/4.3.2/../../../../arm-eabi/lib/thumb/libg.a(lib_a-init.o)
 .ARM.attributes
                0x000000c4       0x2e /opt/devkitpro/devkitARM/lib/gcc/arm-eabi/4.3.2/../../../../arm-eabi/lib/thumb/libg.a(lib_a-memcpy.o)
 .ARM.attributes
                0x000000f2       0x2c /opt/devkitpro/devkitARM/lib/gcc/arm-eabi/4.3.2/../../../../arm-eabi/lib/thumb/libsysbase.a(malloc_vars.o)
 .ARM.attributes
                0x0000011e       0x2c /opt/devkitpro/devkitARM/lib/gcc/arm-eabi/4.3.2/thumb/crtend.o
 .ARM.attributes
                0x0000014a       0x1e /opt/devkitpro/devkitARM/lib/gcc/arm-eabi/4.3.2/thumb/crtn.o

.debug_ranges   0x00000000       0x90
 .debug_ranges  0x00000000       0x20 /opt/devkitpro/devkitARM/lib/gcc/arm-eabi/4.3.2/thumb/crti.o
 .debug_ranges  0x00000020       0x50 stackage.o
 .debug_ranges  0x00000070       0x20 /opt/devkitpro/devkitARM/lib/gcc/arm-eabi/4.3.2/thumb/crtn.o
