Archive member included because of file (symbol)

/opt/devkitpro/devkitARM/lib/gcc/arm-eabi/4.3.3/thumb/libgcc.a(_addsubdf3.o)
                              platform.o (__aeabi_dsub)
/opt/devkitpro/devkitARM/lib/gcc/arm-eabi/4.3.3/thumb/libgcc.a(_fixdfsi.o)
                              platform.o (__aeabi_d2iz)
/opt/devkitpro/devkitARM/lib/gcc/arm-eabi/4.3.3/../../../../arm-eabi/lib/thumb/libg.a(lib_a-init.o)
                              /opt/devkitpro/devkitARM/lib/gcc/arm-eabi/4.3.3/../../../../arm-eabi/lib/thumb/gba_crt0.o (__libc_init_array)
/opt/devkitpro/devkitARM/lib/gcc/arm-eabi/4.3.3/../../../../arm-eabi/lib/thumb/libg.a(lib_a-memcpy.o)
                              platform.o (memcpy)
/opt/devkitpro/devkitARM/lib/gcc/arm-eabi/4.3.3/../../../../arm-eabi/lib/thumb/libsysbase.a(malloc_vars.o)
                              /opt/devkitpro/devkitARM/lib/gcc/arm-eabi/4.3.3/../../../../arm-eabi/lib/thumb/gba_crt0.o (fake_heap_end)

Memory Configuration

Name             Origin             Length             Attributes
rom              0x08000000         0x02000000
iwram            0x03000000         0x00008000
ewram            0x02000000         0x00040000
*default*        0x00000000         0xffffffff

Linker script and memory map

                0x02000000                __text_start = 0x2000000
                0x02040000                __eheap_end = 0x2040000
                0x03000000                __iwram_start = 0x3000000
                0x03008000                __iwram_top = 0x3008000
                0x03007fa0                __sp_irq = (__iwram_top - 0x60)
                0x03007f00                __sp_usr = (__sp_irq - 0xa0)
                0x03007ff8                __irq_flags = 0x3007ff8
                0x02000000                . = __text_start

.init           0x02000000      0x21c
 *(.init)
 .init          0x02000000      0x210 /opt/devkitpro/devkitARM/lib/gcc/arm-eabi/4.3.3/../../../../arm-eabi/lib/thumb/gba_crt0.o
                0x020000c4                __boot_method
                0x020000c5                __slave_number
                0x02000000                _start
                0x020000e0                start_vector
 .init          0x02000210        0x4 /opt/devkitpro/devkitARM/lib/gcc/arm-eabi/4.3.3/thumb/crti.o
                0x02000210                _init
 .init          0x02000214        0x8 /opt/devkitpro/devkitARM/lib/gcc/arm-eabi/4.3.3/thumb/crtn.o
                0x0200021c                . = ALIGN (0x4)

.plt            0x0200021c        0x0
 *(.plt)
                0x0200021c                . = ALIGN (0x4)

.text           0x0200021c      0xcb4
 *(EXCLUDE_FILE(*.iwram*) .text)
 *fill*         0x0200021c        0x4 ff
 .text.stub     0x02000220       0x18 linker stubs
 .text          0x02000238        0x0 /opt/devkitpro/devkitARM/lib/gcc/arm-eabi/4.3.3/../../../../arm-eabi/lib/thumb/gba_crt0.o
 .text          0x02000238        0x0 /opt/devkitpro/devkitARM/lib/gcc/arm-eabi/4.3.3/thumb/crti.o
 .text          0x02000238       0x70 /opt/devkitpro/devkitARM/lib/gcc/arm-eabi/4.3.3/thumb/crtbegin.o
 *fill*         0x020002a8        0x0 ff
 .text          0x020002a8      0x6a0 platform.o
                0x02000598                _Z7gravityv
                0x020002a8                _Z17InitializeSpritesv
                0x020002f4                _Z10MoveSpriteP11tagOAMEntryii
                0x020006a0                main
                0x02000314                _Z8MoveBallv
                0x020003d0                _Z8HitCheckv
                0x020005b0                _Z10updateVarsv
                0x020002c8                _Z7CopyOAMv
 .text          0x02000948      0x41c /opt/devkitpro/devkitARM/lib/gcc/arm-eabi/4.3.3/thumb/libgcc.a(_addsubdf3.o)
                0x02000d04                __floatdidf
                0x02000c88                __floatsidf
                0x02000c64                __aeabi_ui2d
                0x02000948                __aeabi_drsub
                0x02000cb0                __extendsfdf2
                0x02000954                __adddf3
                0x02000c64                __floatunsidf
                0x02000954                __aeabi_dadd
                0x02000cf0                __aeabi_ul2d
                0x02000950                __aeabi_dsub
                0x02000cf0                __floatundidf
                0x02000c88                __aeabi_i2d
                0x02000d04                __aeabi_l2d
                0x02000cb0                __aeabi_f2d
                0x02000950                __subdf3
 .text          0x02000d64       0x5c /opt/devkitpro/devkitARM/lib/gcc/arm-eabi/4.3.3/thumb/libgcc.a(_fixdfsi.o)
                0x02000d64                __fixdfsi
                0x02000d64                __aeabi_d2iz
 .text          0x02000dc0       0x88 /opt/devkitpro/devkitARM/lib/gcc/arm-eabi/4.3.3/../../../../arm-eabi/lib/thumb/libg.a(lib_a-init.o)
                0x02000df0                __libc_init_array
                0x02000dc0                __libc_fini_array
 .text          0x02000e48       0x88 /opt/devkitpro/devkitARM/lib/gcc/arm-eabi/4.3.3/../../../../arm-eabi/lib/thumb/libg.a(lib_a-memcpy.o)
                0x02000e48                memcpy
 .text          0x02000ed0        0x0 /opt/devkitpro/devkitARM/lib/gcc/arm-eabi/4.3.3/../../../../arm-eabi/lib/thumb/libsysbase.a(malloc_vars.o)
 .text          0x02000ed0        0x0 /opt/devkitpro/devkitARM/lib/gcc/arm-eabi/4.3.3/thumb/crtend.o
 .text          0x02000ed0        0x0 /opt/devkitpro/devkitARM/lib/gcc/arm-eabi/4.3.3/thumb/crtn.o
 *(.text .stub .text.* .gnu.linkonce.t.*)
 *(.text.*personality*)
 *(.gnu.warning)
 *(.glue_7t)
 .glue_7t       0x02000ed0        0x0 /opt/devkitpro/devkitARM/lib/gcc/arm-eabi/4.3.3/../../../../arm-eabi/lib/thumb/gba_crt0.o
 .glue_7t       0x02000ed0        0x0 /opt/devkitpro/devkitARM/lib/gcc/arm-eabi/4.3.3/thumb/crti.o
 .glue_7t       0x02000ed0        0x0 /opt/devkitpro/devkitARM/lib/gcc/arm-eabi/4.3.3/thumb/crtbegin.o
 .glue_7t       0x02000ed0        0x0 platform.o
 .glue_7t       0x02000ed0        0x0 /opt/devkitpro/devkitARM/lib/gcc/arm-eabi/4.3.3/thumb/libgcc.a(_addsubdf3.o)
 .glue_7t       0x02000ed0        0x0 /opt/devkitpro/devkitARM/lib/gcc/arm-eabi/4.3.3/thumb/libgcc.a(_fixdfsi.o)
 .glue_7t       0x02000ed0        0x0 /opt/devkitpro/devkitARM/lib/gcc/arm-eabi/4.3.3/../../../../arm-eabi/lib/thumb/libg.a(lib_a-init.o)
 .glue_7t       0x02000ed0        0x0 /opt/devkitpro/devkitARM/lib/gcc/arm-eabi/4.3.3/../../../../arm-eabi/lib/thumb/libg.a(lib_a-memcpy.o)
 .glue_7t       0x02000ed0        0x0 /opt/devkitpro/devkitARM/lib/gcc/arm-eabi/4.3.3/../../../../arm-eabi/lib/thumb/libsysbase.a(malloc_vars.o)
 .glue_7t       0x02000ed0        0x0 /opt/devkitpro/devkitARM/lib/gcc/arm-eabi/4.3.3/thumb/crtend.o
 .glue_7t       0x02000ed0        0x0 /opt/devkitpro/devkitARM/lib/gcc/arm-eabi/4.3.3/thumb/crtn.o
 *(.glue_7)
 .glue_7        0x02000ed0        0x0 /opt/devkitpro/devkitARM/lib/gcc/arm-eabi/4.3.3/../../../../arm-eabi/lib/thumb/gba_crt0.o
 .glue_7        0x02000ed0        0x0 /opt/devkitpro/devkitARM/lib/gcc/arm-eabi/4.3.3/thumb/crti.o
 .glue_7        0x02000ed0        0x0 /opt/devkitpro/devkitARM/lib/gcc/arm-eabi/4.3.3/thumb/crtbegin.o
 .glue_7        0x02000ed0        0x0 platform.o
 .glue_7        0x02000ed0        0x0 /opt/devkitpro/devkitARM/lib/gcc/arm-eabi/4.3.3/thumb/libgcc.a(_addsubdf3.o)
 .glue_7        0x02000ed0        0x0 /opt/devkitpro/devkitARM/lib/gcc/arm-eabi/4.3.3/thumb/libgcc.a(_fixdfsi.o)
 .glue_7        0x02000ed0        0x0 /opt/devkitpro/devkitARM/lib/gcc/arm-eabi/4.3.3/../../../../arm-eabi/lib/thumb/libg.a(lib_a-init.o)
 .glue_7        0x02000ed0        0x0 /opt/devkitpro/devkitARM/lib/gcc/arm-eabi/4.3.3/../../../../arm-eabi/lib/thumb/libg.a(lib_a-memcpy.o)
 .glue_7        0x02000ed0        0x0 /opt/devkitpro/devkitARM/lib/gcc/arm-eabi/4.3.3/../../../../arm-eabi/lib/thumb/libsysbase.a(malloc_vars.o)
 .glue_7        0x02000ed0        0x0 /opt/devkitpro/devkitARM/lib/gcc/arm-eabi/4.3.3/thumb/crtend.o
 .glue_7        0x02000ed0        0x0 /opt/devkitpro/devkitARM/lib/gcc/arm-eabi/4.3.3/thumb/crtn.o
 *(.vfp11_veneer)
 .vfp11_veneer  0x02000ed0        0x0 /opt/devkitpro/devkitARM/lib/gcc/arm-eabi/4.3.3/../../../../arm-eabi/lib/thumb/gba_crt0.o
 .vfp11_veneer  0x02000ed0        0x0 /opt/devkitpro/devkitARM/lib/gcc/arm-eabi/4.3.3/thumb/crti.o
 .vfp11_veneer  0x02000ed0        0x0 /opt/devkitpro/devkitARM/lib/gcc/arm-eabi/4.3.3/thumb/crtbegin.o
 .vfp11_veneer  0x02000ed0        0x0 platform.o
 .vfp11_veneer  0x02000ed0        0x0 /opt/devkitpro/devkitARM/lib/gcc/arm-eabi/4.3.3/thumb/libgcc.a(_addsubdf3.o)
 .vfp11_veneer  0x02000ed0        0x0 /opt/devkitpro/devkitARM/lib/gcc/arm-eabi/4.3.3/thumb/libgcc.a(_fixdfsi.o)
 .vfp11_veneer  0x02000ed0        0x0 /opt/devkitpro/devkitARM/lib/gcc/arm-eabi/4.3.3/../../../../arm-eabi/lib/thumb/libg.a(lib_a-init.o)
 .vfp11_veneer  0x02000ed0        0x0 /opt/devkitpro/devkitARM/lib/gcc/arm-eabi/4.3.3/../../../../arm-eabi/lib/thumb/libg.a(lib_a-memcpy.o)
 .vfp11_veneer  0x02000ed0        0x0 /opt/devkitpro/devkitARM/lib/gcc/arm-eabi/4.3.3/../../../../arm-eabi/lib/thumb/libsysbase.a(malloc_vars.o)
 .vfp11_veneer  0x02000ed0        0x0 /opt/devkitpro/devkitARM/lib/gcc/arm-eabi/4.3.3/thumb/crtend.o
 .vfp11_veneer  0x02000ed0        0x0 /opt/devkitpro/devkitARM/lib/gcc/arm-eabi/4.3.3/thumb/crtn.o
                0x02000ed0                . = ALIGN (0x4)
                0x02000ed0                __text_end = .

.v4_bx          0x02000ed0        0x0
 .v4_bx         0x02000ed0        0x0 /opt/devkitpro/devkitARM/lib/gcc/arm-eabi/4.3.3/../../../../arm-eabi/lib/thumb/gba_crt0.o
 .v4_bx         0x02000ed0        0x0 /opt/devkitpro/devkitARM/lib/gcc/arm-eabi/4.3.3/thumb/crti.o
 .v4_bx         0x02000ed0        0x0 /opt/devkitpro/devkitARM/lib/gcc/arm-eabi/4.3.3/thumb/crtbegin.o
 .v4_bx         0x02000ed0        0x0 platform.o
 .v4_bx         0x02000ed0        0x0 /opt/devkitpro/devkitARM/lib/gcc/arm-eabi/4.3.3/thumb/libgcc.a(_addsubdf3.o)
 .v4_bx         0x02000ed0        0x0 /opt/devkitpro/devkitARM/lib/gcc/arm-eabi/4.3.3/thumb/libgcc.a(_fixdfsi.o)
 .v4_bx         0x02000ed0        0x0 /opt/devkitpro/devkitARM/lib/gcc/arm-eabi/4.3.3/../../../../arm-eabi/lib/thumb/libg.a(lib_a-init.o)
 .v4_bx         0x02000ed0        0x0 /opt/devkitpro/devkitARM/lib/gcc/arm-eabi/4.3.3/../../../../arm-eabi/lib/thumb/libg.a(lib_a-memcpy.o)
 .v4_bx         0x02000ed0        0x0 /opt/devkitpro/devkitARM/lib/gcc/arm-eabi/4.3.3/../../../../arm-eabi/lib/thumb/libsysbase.a(malloc_vars.o)
 .v4_bx         0x02000ed0        0x0 /opt/devkitpro/devkitARM/lib/gcc/arm-eabi/4.3.3/thumb/crtend.o
 .v4_bx         0x02000ed0        0x0 /opt/devkitpro/devkitARM/lib/gcc/arm-eabi/4.3.3/thumb/crtn.o

.fini           0x02000ed0        0xc
 *(.fini)
 .fini          0x02000ed0        0x4 /opt/devkitpro/devkitARM/lib/gcc/arm-eabi/4.3.3/thumb/crti.o
                0x02000ed0                _fini
 .fini          0x02000ed4        0x8 /opt/devkitpro/devkitARM/lib/gcc/arm-eabi/4.3.3/thumb/crtn.o
                0x02000edc                . = ALIGN (0x4)

.rodata         0x02000edc     0x9f80
 *(.rodata)
 .rodata        0x02000edc     0x9f80 platform.o
 *all.rodata*(*)
 *(.roda)
 *(.rodata.*)
 *(.gnu.linkonce.r*)
                0x0200ae5c                . = ALIGN (0x4)

.ARM.extab
 *(.ARM.extab* .gnu.linkonce.armextab.*)
                0x0200ae5c                __exidx_start = .

.ARM.exidx
 *(.ARM.exidx* .gnu.linkonce.armexidx.*)
                0x0200ae5c                __exidx_end = .
                0x0200ae5c                . = ALIGN (0x4)
                0x0200ae5c                PROVIDE (__preinit_array_start, .)

.preinit_array
 *(.preinit_array)
                0x0200ae5c                PROVIDE (__preinit_array_end, .)
                0x0200ae5c                PROVIDE (__init_array_start, .)

.init_array     0x0200ae5c        0x8
 *(.init_array)
 .init_array    0x0200ae5c        0x4 /opt/devkitpro/devkitARM/lib/gcc/arm-eabi/4.3.3/thumb/crtbegin.o
 .init_array    0x0200ae60        0x4 platform.o
                0x0200ae64                PROVIDE (__init_array_end, .)
                0x0200ae64                PROVIDE (__fini_array_start, .)

.fini_array     0x0200ae64        0x4
 *(.fini_array)
 .fini_array    0x0200ae64        0x4 /opt/devkitpro/devkitARM/lib/gcc/arm-eabi/4.3.3/thumb/crtbegin.o
                0x0200ae68                PROVIDE (__fini_array_end, .)

.ctors          0x0200ae68        0x0
 *crtbegin.o(.ctors)
 *(EXCLUDE_FILE(*crtend.o) .ctors)
 *(SORT(.ctors.*))
 *(.ctors)
                0x0200ae68                . = ALIGN (0x4)

.dtors          0x0200ae68        0x0
 *crtbegin.o(.dtors)
 *(EXCLUDE_FILE(*crtend.o) .dtors)
 *(SORT(.dtors.*))
 *(.dtors)
                0x0200ae68                . = ALIGN (0x4)

.jcr            0x0200ae68        0x4
 *(.jcr)
 .jcr           0x0200ae68        0x0 /opt/devkitpro/devkitARM/lib/gcc/arm-eabi/4.3.3/thumb/crtbegin.o
 .jcr           0x0200ae68        0x4 /opt/devkitpro/devkitARM/lib/gcc/arm-eabi/4.3.3/thumb/crtend.o

.eh_frame       0x0200ae6c        0x4
 *(.eh_frame)
 .eh_frame      0x0200ae6c        0x0 /opt/devkitpro/devkitARM/lib/gcc/arm-eabi/4.3.3/thumb/crtbegin.o
 .eh_frame      0x0200ae6c        0x4 /opt/devkitpro/devkitARM/lib/gcc/arm-eabi/4.3.3/thumb/crtend.o
                0x0200ae70                . = ALIGN (0x4)

.gcc_except_table
                0x0200ae70        0x0
 *(.gcc_except_table)
                0x0200ae70                . = ALIGN (0x4)
                0x0200ae70                __iwram_lma = .

.iwram          0x03000000        0x0 load address 0x0200ae70
                0x03000000                __iwram_start = ABSOLUTE (.)
 *(.iwram)
 *iwram.*(.text)
                0x03000000                . = ALIGN (0x4)
                0x03000000                __iwram_end = ABSOLUTE (.)
                0x0200ae70                __data_lma = (__iwram_lma + SIZEOF (.iwram))

.bss            0x03000000      0x43c
                0x03000000                __bss_start = ABSOLUTE (.)
                0x03000000                __bss_start__ = ABSOLUTE (.)
 *(.dynbss)
 *(.gnu.linkonce.b*)
 *(.bss*)
 .bss           0x03000000        0x0 /opt/devkitpro/devkitARM/lib/gcc/arm-eabi/4.3.3/../../../../arm-eabi/lib/thumb/gba_crt0.o
 .bss           0x03000000        0x0 /opt/devkitpro/devkitARM/lib/gcc/arm-eabi/4.3.3/thumb/crti.o
 .bss           0x03000000       0x1c /opt/devkitpro/devkitARM/lib/gcc/arm-eabi/4.3.3/thumb/crtbegin.o
 .bss           0x0300001c      0x418 platform.o
                0x0300001c                sprites
                0x0300042a                xslope2
                0x03000424                ybar2
                0x0300041c                xball
                0x0300041e                xbar
                0x03000420                ybar
                0x03000422                xbar2
                0x03000430                hit
                0x0300042c                yslope2
                0x03000428                yslope
                0x03000426                xslope
 .bss           0x03000434        0x0 /opt/devkitpro/devkitARM/lib/gcc/arm-eabi/4.3.3/thumb/libgcc.a(_addsubdf3.o)
 .bss           0x03000434        0x0 /opt/devkitpro/devkitARM/lib/gcc/arm-eabi/4.3.3/thumb/libgcc.a(_fixdfsi.o)
 .bss           0x03000434        0x0 /opt/devkitpro/devkitARM/lib/gcc/arm-eabi/4.3.3/../../../../arm-eabi/lib/thumb/libg.a(lib_a-init.o)
 .bss           0x03000434        0x0 /opt/devkitpro/devkitARM/lib/gcc/arm-eabi/4.3.3/../../../../arm-eabi/lib/thumb/libg.a(lib_a-memcpy.o)
 .bss           0x03000434        0x8 /opt/devkitpro/devkitARM/lib/gcc/arm-eabi/4.3.3/../../../../arm-eabi/lib/thumb/libsysbase.a(malloc_vars.o)
                0x03000438                fake_heap_start
                0x03000434                fake_heap_end
 .bss           0x0300043c        0x0 /opt/devkitpro/devkitARM/lib/gcc/arm-eabi/4.3.3/thumb/crtend.o
 .bss           0x0300043c        0x0 /opt/devkitpro/devkitARM/lib/gcc/arm-eabi/4.3.3/thumb/crtn.o
 *(COMMON)
                0x0300043c                . = ALIGN (0x4)
                0x0300043c                __bss_end = ABSOLUTE (.)
                0x0300043c                __bss_end__ = __bss_end

.data           0x0300043c       0x1c load address 0x0200ae70
                0x0300043c                __data_start = ABSOLUTE (.)
 *(.data)
 .data          0x0300043c        0x0 /opt/devkitpro/devkitARM/lib/gcc/arm-eabi/4.3.3/../../../../arm-eabi/lib/thumb/gba_crt0.o
 .data          0x0300043c        0x0 /opt/devkitpro/devkitARM/lib/gcc/arm-eabi/4.3.3/thumb/crti.o
 .data          0x0300043c        0x4 /opt/devkitpro/devkitARM/lib/gcc/arm-eabi/4.3.3/thumb/crtbegin.o
                0x0300043c                __dso_handle
 .data          0x03000440       0x18 platform.o
                0x03000444                yposition
                0x03000448                yball
                0x03000440                xposition
                0x03000450                gspeed
                0x0300044c                speed
                0x03000454                ugspeed
 .data          0x03000458        0x0 /opt/devkitpro/devkitARM/lib/gcc/arm-eabi/4.3.3/thumb/libgcc.a(_addsubdf3.o)
 .data          0x03000458        0x0 /opt/devkitpro/devkitARM/lib/gcc/arm-eabi/4.3.3/thumb/libgcc.a(_fixdfsi.o)
 .data          0x03000458        0x0 /opt/devkitpro/devkitARM/lib/gcc/arm-eabi/4.3.3/../../../../arm-eabi/lib/thumb/libg.a(lib_a-init.o)
 .data          0x03000458        0x0 /opt/devkitpro/devkitARM/lib/gcc/arm-eabi/4.3.3/../../../../arm-eabi/lib/thumb/libg.a(lib_a-memcpy.o)
 .data          0x03000458        0x0 /opt/devkitpro/devkitARM/lib/gcc/arm-eabi/4.3.3/../../../../arm-eabi/lib/thumb/libsysbase.a(malloc_vars.o)
 .data          0x03000458        0x0 /opt/devkitpro/devkitARM/lib/gcc/arm-eabi/4.3.3/thumb/crtend.o
 .data          0x03000458        0x0 /opt/devkitpro/devkitARM/lib/gcc/arm-eabi/4.3.3/thumb/crtn.o
 *(.data.*)
 *(.gnu.linkonce.d*)
                0x03000458                . = ALIGN (0x4)
                0x03000458                __data_end = ABSOLUTE (.)
                0x0200ae8c                __iwram_overlay_lma = (__data_lma + SIZEOF (.data))
                0x03000458                PROVIDE (edata, .)
                0x03000458                __iwram_overlay_start = .

.iwram0         0x03000458        0x0 load address 0x0200ae8c
 *(.iwram0)
                0x03000458                . = ALIGN (0x4)
                0x0200ae8c                PROVIDE (__load_start_iwram0, LOADADDR (.iwram0))
                0x0200ae8c                PROVIDE (__load_stop_iwram0, (LOADADDR (.iwram0) + SIZEOF (.iwram0)))

.iwram1         0x03000458        0x0
 *(.iwram1)
                0x03000458                . = ALIGN (0x4)
                0x03000458                PROVIDE (__load_start_iwram1, LOADADDR (.iwram1))
                0x03000458                PROVIDE (__load_stop_iwram1, (LOADADDR (.iwram1) + SIZEOF (.iwram1)))

.iwram2         0x03000458        0x0
 *(.iwram2)
                0x03000458                . = ALIGN (0x4)
                0x03000458                PROVIDE (__load_start_iwram2, LOADADDR (.iwram2))
                0x03000458                PROVIDE (__load_stop_iwram2, (LOADADDR (.iwram2) + SIZEOF (.iwram2)))

.iwram3         0x03000458        0x0
 *(.iwram3)
                0x03000458                . = ALIGN (0x4)
                0x03000458                PROVIDE (__load_start_iwram3, LOADADDR (.iwram3))
                0x03000458                PROVIDE (__load_stop_iwram3, (LOADADDR (.iwram3) + SIZEOF (.iwram3)))

.iwram4         0x03000458        0x0
 *(.iwram4)
                0x03000458                . = ALIGN (0x4)
                0x03000458                PROVIDE (__load_start_iwram4, LOADADDR (.iwram4))
                0x03000458                PROVIDE (__load_stop_iwram4, (LOADADDR (.iwram4) + SIZEOF (.iwram4)))

.iwram5         0x03000458        0x0
 *(.iwram5)
                0x03000458                . = ALIGN (0x4)
                0x03000458                PROVIDE (__load_start_iwram5, LOADADDR (.iwram5))
                0x03000458                PROVIDE (__load_stop_iwram5, (LOADADDR (.iwram5) + SIZEOF (.iwram5)))

.iwram6         0x03000458        0x0
 *(.iwram6)
                0x03000458                . = ALIGN (0x4)
                0x03000458                PROVIDE (__load_start_iwram6, LOADADDR (.iwram6))
                0x03000458                PROVIDE (__load_stop_iwram6, (LOADADDR (.iwram6) + SIZEOF (.iwram6)))

.iwram7         0x03000458        0x0
 *(.iwram7)
                0x03000458                . = ALIGN (0x4)
                0x03000458                PROVIDE (__load_start_iwram7, LOADADDR (.iwram7))
                0x03000458                PROVIDE (__load_stop_iwram7, (LOADADDR (.iwram7) + SIZEOF (.iwram7)))

.iwram8         0x03000458        0x0
 *(.iwram8)
                0x03000458                . = ALIGN (0x4)
                0x03000458                PROVIDE (__load_start_iwram8, LOADADDR (.iwram8))
                0x03000458                PROVIDE (__load_stop_iwram8, (LOADADDR (.iwram8) + SIZEOF (.iwram8)))

.iwram9         0x03000458        0x0
 *(.iwram9)
                0x03000458                . = ALIGN (0x4)
                0x03000458                PROVIDE (__load_start_iwram9, LOADADDR (.iwram9))
                0x03000458                PROVIDE (__load_stop_iwram9, (LOADADDR (.iwram9) + SIZEOF (.iwram9)))
                0x0200ae8c                __ewram_lma = ((((((((((LOADADDR (.iwram0) + SIZEOF (.iwram0)) + SIZEOF (.iwram1)) + SIZEOF (.iwram2)) + SIZEOF (.iwram3)) + SIZEOF (.iwram4)) + SIZEOF (.iwram5)) + SIZEOF (.iwram6)) + SIZEOF (.iwram7)) + SIZEOF (.iwram8)) + SIZEOF (.iwram9))
                0x0200ae8c                __iwram_overlay_end = __ewram_lma
                0x0200ae8c                __ewram_start = __ewram_lma

.ewram          0x0200ae8c        0x0
 *(.ewram)
                0x0200ae8c                . = ALIGN (0x4)
                0x0200ae8c                __ewram_overlay_lma = (__ewram_lma + SIZEOF (.ewram))

.sbss           0x0200ae8c        0x0
                0x0200ae8c                __sbss_start = ABSOLUTE (.)
 *(.sbss)
                0x0200ae8c                . = ALIGN (0x4)
                0x0200ae8c                __sbss_end = ABSOLUTE (.)
                0x0200ae8c                __ewram_end = __sbss_end
                0x0200ae8c                __ewram_overlay_start = __sbss_end

.ewram0         0x0200ae8c        0x0
 *(.ewram0)
                0x0200ae8c                . = ALIGN (0x4)
                0x0200ae8c                PROVIDE (__load_start_ewram0, LOADADDR (.ewram0))
                0x0200ae8c                PROVIDE (__load_stop_ewram0, (LOADADDR (.ewram0) + SIZEOF (.ewram0)))

.ewram1         0x0200ae8c        0x0
 *(.ewram1)
                0x0200ae8c                . = ALIGN (0x4)
                0x0200ae8c                PROVIDE (__load_start_ewram1, LOADADDR (.ewram1))
                0x0200ae8c                PROVIDE (__load_stop_ewram1, (LOADADDR (.ewram1) + SIZEOF (.ewram1)))

.ewram2         0x0200ae8c        0x0
 *(.ewram2)
                0x0200ae8c                . = ALIGN (0x4)
                0x0200ae8c                PROVIDE (__load_start_ewram2, LOADADDR (.ewram2))
                0x0200ae8c                PROVIDE (__load_stop_ewram2, (LOADADDR (.ewram2) + SIZEOF (.ewram2)))

.ewram3         0x0200ae8c        0x0
 *(.ewram3)
                0x0200ae8c                . = ALIGN (0x4)
                0x0200ae8c                PROVIDE (__load_start_ewram3, LOADADDR (.ewram3))
                0x0200ae8c                PROVIDE (__load_stop_ewram3, (LOADADDR (.ewram3) + SIZEOF (.ewram3)))

.ewram4         0x0200ae8c        0x0
 *(.ewram4)
                0x0200ae8c                . = ALIGN (0x4)
                0x0200ae8c                PROVIDE (__load_start_ewram4, LOADADDR (.ewram4))
                0x0200ae8c                PROVIDE (__load_stop_ewram4, (LOADADDR (.ewram4) + SIZEOF (.ewram4)))

.ewram5         0x0200ae8c        0x0
 *(.ewram5)
                0x0200ae8c                . = ALIGN (0x4)
                0x0200ae8c                PROVIDE (__load_start_ewram5, LOADADDR (.ewram5))
                0x0200ae8c                PROVIDE (__load_stop_ewram5, (LOADADDR (.ewram5) + SIZEOF (.ewram5)))

.ewram6         0x0200ae8c        0x0
 *(.ewram6)
                0x0200ae8c                . = ALIGN (0x4)
                0x0200ae8c                PROVIDE (__load_start_ewram6, LOADADDR (.ewram6))
                0x0200ae8c                PROVIDE (__load_stop_ewram6, (LOADADDR (.ewram6) + SIZEOF (.ewram6)))

.ewram7         0x0200ae8c        0x0
 *(.ewram7)
                0x0200ae8c                . = ALIGN (0x4)
                0x0200ae8c                PROVIDE (__load_start_ewram7, LOADADDR (.ewram7))
                0x0200ae8c                PROVIDE (__load_stop_ewram7, (LOADADDR (.ewram7) + SIZEOF (.ewram7)))

.ewram8         0x0200ae8c        0x0
 *(.ewram8)
                0x0200ae8c                . = ALIGN (0x4)
                0x0200ae8c                PROVIDE (__load_start_ewram8, LOADADDR (.ewram8))
                0x0200ae8c                PROVIDE (__load_stop_ewram8, (LOADADDR (.ewram8) + SIZEOF (.ewram8)))

.ewram9         0x0200ae8c        0x0
 *(.ewram9)
                0x0200ae8c                . = ALIGN (0x4)
                0x0200ae8c                PROVIDE (__load_start_ewram9, LOADADDR (.ewram9))
                0x0200ae8c                PROVIDE (__load_stop_ewram9, (LOADADDR (.ewram9) + SIZEOF (.ewram9)))
                0x0200ae8c                __ewram_overlay_end = ABSOLUTE (.)
                0x0200ae8c                __eheap_start = __ewram_overlay_end
                0x0200ae8c                _end = __ewram_overlay_end
                0x0200ae8c                __end__ = __ewram_overlay_end
                0x0200ae8c                __rom_end__ = __ewram_overlay_end

.stab
 *(.stab)

.stabstr
 *(.stabstr)

.stab.excl
 *(.stab.excl)

.stab.exclstr
 *(.stab.exclstr)

.stab.index
 *(.stab.index)

.stab.indexstr
 *(.stab.indexstr)

.comment        0x00000000       0xd2
 *(.comment)
 .comment       0x00000000       0x23 /opt/devkitpro/devkitARM/lib/gcc/arm-eabi/4.3.3/thumb/crtbegin.o
 .comment       0x00000023       0x23 platform.o
 .comment       0x00000046       0x23 /opt/devkitpro/devkitARM/lib/gcc/arm-eabi/4.3.3/../../../../arm-eabi/lib/thumb/libg.a(lib_a-init.o)
 .comment       0x00000069       0x23 /opt/devkitpro/devkitARM/lib/gcc/arm-eabi/4.3.3/../../../../arm-eabi/lib/thumb/libg.a(lib_a-memcpy.o)
 .comment       0x0000008c       0x23 /opt/devkitpro/devkitARM/lib/gcc/arm-eabi/4.3.3/../../../../arm-eabi/lib/thumb/libsysbase.a(malloc_vars.o)
 .comment       0x000000af       0x23 /opt/devkitpro/devkitARM/lib/gcc/arm-eabi/4.3.3/thumb/crtend.o

.debug
 *(.debug)

.line
 *(.line)

.debug_srcinfo
 *(.debug_srcinfo)

.debug_sfnames
 *(.debug_sfnames)

.debug_aranges  0x00000000       0x70
 *(.debug_aranges)
 .debug_aranges
                0x00000000       0x28 /opt/devkitpro/devkitARM/lib/gcc/arm-eabi/4.3.3/thumb/crti.o
 .debug_aranges
                0x00000028       0x20 platform.o
 .debug_aranges
                0x00000048       0x28 /opt/devkitpro/devkitARM/lib/gcc/arm-eabi/4.3.3/thumb/crtn.o

.debug_pubnames
                0x00000000      0x13a
 *(.debug_pubnames)
 .debug_pubnames
                0x00000000      0x13a platform.o

.debug_info     0x00000000      0x69a
 *(.debug_info)
 .debug_info    0x00000000       0x68 /opt/devkitpro/devkitARM/lib/gcc/arm-eabi/4.3.3/thumb/crti.o
 .debug_info    0x00000068      0x5ca platform.o
 .debug_info    0x00000632       0x68 /opt/devkitpro/devkitARM/lib/gcc/arm-eabi/4.3.3/thumb/crtn.o

.debug_abbrev   0x00000000      0x266
 *(.debug_abbrev)
 .debug_abbrev  0x00000000       0x12 /opt/devkitpro/devkitARM/lib/gcc/arm-eabi/4.3.3/thumb/crti.o
 .debug_abbrev  0x00000012      0x242 platform.o
 .debug_abbrev  0x00000254       0x12 /opt/devkitpro/devkitARM/lib/gcc/arm-eabi/4.3.3/thumb/crtn.o

.debug_line     0x00000000      0x37e
 *(.debug_line)
 .debug_line    0x00000000       0x49 /opt/devkitpro/devkitARM/lib/gcc/arm-eabi/4.3.3/thumb/crti.o
 .debug_line    0x00000049      0x2b6 platform.o
 .debug_line    0x000002ff       0x7f /opt/devkitpro/devkitARM/lib/gcc/arm-eabi/4.3.3/thumb/crtn.o

.debug_frame    0x00000000      0x100
 *(.debug_frame)
 .debug_frame   0x00000000      0x100 platform.o

.debug_str      0x00000000      0x2bf
 *(.debug_str)
 .debug_str     0x00000000      0x2bf platform.o
                                0x316 (size before relaxing)

.debug_loc      0x00000000      0x142
 *(.debug_loc)
 .debug_loc     0x00000000      0x142 platform.o

.debug_macinfo
 *(.debug_macinfo)

.debug_weaknames
 *(.debug_weaknames)

.debug_funcnames
 *(.debug_funcnames)

.debug_typenames
 *(.debug_typenames)

.debug_varnames
 *(.debug_varnames)

.stack          0x00080000        0x0
                0x00080000                _stack = .
 *(.stack)
LOAD /opt/devkitpro/devkitARM/lib/gcc/arm-eabi/4.3.3/../../../../arm-eabi/lib/thumb/gba_crt0.o
LOAD /opt/devkitpro/devkitARM/lib/gcc/arm-eabi/4.3.3/thumb/crti.o
LOAD /opt/devkitpro/devkitARM/lib/gcc/arm-eabi/4.3.3/thumb/crtbegin.o
LOAD platform.o
LOAD /opt/devkitpro//libgba/lib/libgba.a
LOAD /opt/devkitpro/devkitARM/lib/gcc/arm-eabi/4.3.3/../../../../arm-eabi/lib/thumb/libstdc++.a
LOAD /opt/devkitpro/devkitARM/lib/gcc/arm-eabi/4.3.3/../../../../arm-eabi/lib/thumb/libm.a
START GROUP
LOAD /opt/devkitpro/devkitARM/lib/gcc/arm-eabi/4.3.3/thumb/libgcc.a
LOAD /opt/devkitpro/devkitARM/lib/gcc/arm-eabi/4.3.3/../../../../arm-eabi/lib/thumb/libg.a
LOAD /opt/devkitpro/devkitARM/lib/gcc/arm-eabi/4.3.3/../../../../arm-eabi/lib/thumb/libc.a
LOAD /opt/devkitpro/devkitARM/lib/gcc/arm-eabi/4.3.3/../../../../arm-eabi/lib/thumb/libsysbase.a
END GROUP
LOAD /opt/devkitpro/devkitARM/lib/gcc/arm-eabi/4.3.3/thumb/crtend.o
LOAD /opt/devkitpro/devkitARM/lib/gcc/arm-eabi/4.3.3/thumb/crtn.o
OUTPUT(/home/abeisgreat/Desktop/C++[ARM]/platform/platform_mb.elf elf32-littlearm)

.ARM.attributes
                0x00000000       0x2e
 .ARM.attributes
                0x00000000       0x20 /opt/devkitpro/devkitARM/lib/gcc/arm-eabi/4.3.3/../../../../arm-eabi/lib/thumb/gba_crt0.o
 .ARM.attributes
                0x00000020       0x1e /opt/devkitpro/devkitARM/lib/gcc/arm-eabi/4.3.3/thumb/crti.o
 .ARM.attributes
                0x0000003e       0x2e /opt/devkitpro/devkitARM/lib/gcc/arm-eabi/4.3.3/thumb/crtbegin.o
 .ARM.attributes
                0x0000006c       0x2a platform.o
 .ARM.attributes
                0x00000096       0x1e /opt/devkitpro/devkitARM/lib/gcc/arm-eabi/4.3.3/thumb/libgcc.a(_addsubdf3.o)
 .ARM.attributes
                0x000000b4       0x1e /opt/devkitpro/devkitARM/lib/gcc/arm-eabi/4.3.3/thumb/libgcc.a(_fixdfsi.o)
 .ARM.attributes
                0x000000d2       0x2e /opt/devkitpro/devkitARM/lib/gcc/arm-eabi/4.3.3/../../../../arm-eabi/lib/thumb/libg.a(lib_a-init.o)
 .ARM.attributes
                0x00000100       0x2e /opt/devkitpro/devkitARM/lib/gcc/arm-eabi/4.3.3/../../../../arm-eabi/lib/thumb/libg.a(lib_a-memcpy.o)
 .ARM.attributes
                0x0000012e       0x2c /opt/devkitpro/devkitARM/lib/gcc/arm-eabi/4.3.3/../../../../arm-eabi/lib/thumb/libsysbase.a(malloc_vars.o)
 .ARM.attributes
                0x0000015a       0x2c /opt/devkitpro/devkitARM/lib/gcc/arm-eabi/4.3.3/thumb/crtend.o
 .ARM.attributes
                0x00000186       0x1e /opt/devkitpro/devkitARM/lib/gcc/arm-eabi/4.3.3/thumb/crtn.o

.debug_ranges   0x00000000       0x98
 .debug_ranges  0x00000000       0x20 /opt/devkitpro/devkitARM/lib/gcc/arm-eabi/4.3.3/thumb/crti.o
 .debug_ranges  0x00000020       0x58 platform.o
 .debug_ranges  0x00000078       0x20 /opt/devkitpro/devkitARM/lib/gcc/arm-eabi/4.3.3/thumb/crtn.o
